Microchip MPLAB XC8 Compiler V2.46

Linker command line:

-W-3 \
  --edf=C:/Users/jamesgarvey/.mchp_packs/Microchip/PIC18F-Q_DFP/1.25.433/xc8\pic\dat\20240223164052_en.msgs \
  -pivt0x8=08h -cn \
  -h+dist/default/debug\MI-2023-2024-PIC18-WINDOWS.debug.sym \
  --cmf=dist/default/debug\MI-2023-2024-PIC18-WINDOWS.debug.cmf -z \
  -Q18F05Q40 -oC:\Users\JAMESG~1\AppData\Local\Temp\xcAs9g4.\driver_tmp_3.o \
  --defsym=__MPLAB_BUILD=1 --fixupoverflow=error \
  -Mdist/default/debug/MI-2023-2024-PIC18-WINDOWS.debug.map \
  --md=C:\Users\JAMESG~1\AppData\Local\Temp\xcAs9g4.\driver_tmp_0.dat -E1 \
  -ver=XC8 Compiler --acfsm=1493 -ACODE=00h-07FFFh -ACONST=00h-07FFFh \
  -ASMALLCONST=0D00h-0DFFhx115 -AMEDIUMCONST=0D00h-07FFFh \
  -ACOMRAM=0501h-055Fh -AABS1=0500h-0CFFh -ABIGRAM=0501h-0CFFh \
  -ARAM=0560h-05FFh,0600h-06FFhx7 -ABANK5=0560h-05FFh -ABANK6=0600h-06FFh \
  -ABANK7=0700h-07FFh -ABANK8=0800h-08FFh -ABANK9=0900h-09FFh \
  -ABANK10=0A00h-0AFFh -ABANK11=0B00h-0BFFh -ABANK12=0C00h-0CFFh \
  -ASFR=00h-0FFhx4,0400h-045Fh,0460h-04FFh,0D00h-0DFFh \
  -ABIGSFR=00h-04FFh,0D00h-0DFFh -ACONFIG=0300000h-0300011h \
  -AIDLOC=0200000h-020003Fh -AEEDATA=0380000h-03801FFh -peeprom_data=EEDATA \
  -preset_vec=00h -ppowerup=CODE,init -pramtop=0D00h \
  -psmallconst=SMALLCONST -pmediumconst=MEDIUMCONST -pconst=CONST \
  -AFARRAM=00h-00h \
  -prdata=COMRAM,nvrram=COMRAM,nvbit=COMRAM,rbss=COMRAM,rbit=COMRAM \
  -pfarbss=FARRAM,fardata=FARRAM,nvFARRAM=FARRAM \
  -pintsave_regs=BIGRAM,bigbss=BIGRAM,bigdata=BIGRAM -pbss=RAM \
  -pidata=CODE,irdata=CODE,ibigdata=CODE,ifardata=CODE -prparam=COMRAM \
  C:\Users\JAMESG~1\AppData\Local\Temp\xcAs9g4.\driver_tmp_9.o \
  dist/default/debug\MI-2023-2024-PIC18-WINDOWS.debug.o 

Object code version is 3.11

Machine type is 18F05Q40



                Name                               Link     Load   Length Selector   Space Scale
C:\Users\JAMESG~1\AppData\Local\Temp\xcAs9g4.\driver_tmp_9.o
                config                           300000   300000        9        0       4
                init                                 1A       1A        4        4       0
                reset_vec                             0        0        6        0       0
dist/default/debug\MI-2023-2024-PIC18-WINDOWS.debug.o
                config                           300000   300000        9        0       4
                mediumconst                        7DB4     7DB4      24C     3EDA       0
                ivt0x8                                8        8       12        4       0
                text43                              A56      A56        6        4       0
                text42                              91A      91A       2A        4       0
                text41                               1E       1E      1C0        4       0
                text40                              838      838       32        4       0
                text39                              86A      86A       30        4       0
                text38                              A3A      A3A        A        4       0
                text37                              A50      A50        6        4       0
                text36                              A4A      A4A        6        4       0
                text35                              8F0      8F0       2A        4       0
                text34                              A62      A62        2        4       0
                text33                              A60      A60        2        4       0
                text32                              312      312      10E        4       0
                text31                              1DE      1DE      134        4       0
                text30                              806      806       32        4       0
                text29                              7D4      7D4       32        4       0
                text28                              420      420       9E        4       0
                text27                              5F4      5F4       62        4       0
                text26                              986      986       18        4       0
                text25                              96A      96A       1C        4       0
                text24                              89A      89A       2C        4       0
                text23                              A30      A30        A        4       0
                text22                              A26      A26        A        4       0
                text21                              4BE      4BE       6A        4       0
                text20                              A1C      A1C        A        4       0
                text19                              A12      A12        A        4       0
                text18                              A08      A08        A        4       0
                text17                              736      736       3A        4       0
                text16                              528      528       68        4       0
                text15                              9BE      9BE        E        4       0
                text14                              9FE      9FE        A        4       0
                text13                              944      944       26        4       0
                text12                              9F4      9F4        A        4       0
                text11                              9EA      9EA        A        4       0
                text10                              6A4      6A4       4E        4       0
                text9                               9E0      9E0        A        4       0
                text8                               8C6      8C6       2A        4       0
                text7                               9D6      9D6        A        4       0
                text6                               9CC      9CC        A        4       0
                text5                               656      656       4E        4       0
                text4                               7A2      7A2       32        4       0
                text3                               A44      A44        6        4       0
                text2                               9AE      9AE       10        4       0
                text1                               770      770       32        4       0
                text0                               6F2      6F2       44        4       0
                cstackCOMRAM                        547      547        E      501       1
                cstackBANK5                         584      584        4      560       1
                dataBANK5                           574      574       10      560       1
                dataCOMRAM                          555      555        4      501       1
                bssCOMRAM                           501      501       46      501       1
                cinit                               590      590       64        4       0
                nvBANK5                             560      560       14      560       1
                nvCOMRAM                            559      559        2      501       1
                idataBANK5                          99E      99E       10        4       0
                idataCOMRAM                         A5C      A5C        4        4       0

TOTAL           Name                               Link     Load   Length     Space
        CLASS   CODE           
                init                                 1A       1A        4         0
                reset_vec                             0        0        6         0
                ivt0x8                                8        8       12         0
                text43                              A56      A56        6         0
                text42                              91A      91A       2A         0
                text41                               1E       1E      1C0         0
                text40                              838      838       32         0
                text39                              86A      86A       30         0
                text38                              A3A      A3A        A         0
                text37                              A50      A50        6         0
                text36                              A4A      A4A        6         0
                text35                              8F0      8F0       2A         0
                text34                              A62      A62        2         0
                text33                              A60      A60        2         0
                text32                              312      312      10E         0
                text31                              1DE      1DE      134         0
                text30                              806      806       32         0
                text29                              7D4      7D4       32         0
                text28                              420      420       9E         0
                text27                              5F4      5F4       62         0
                text26                              986      986       18         0
                text25                              96A      96A       1C         0
                text24                              89A      89A       2C         0
                text23                              A30      A30        A         0
                text22                              A26      A26        A         0
                text21                              4BE      4BE       6A         0
                text20                              A1C      A1C        A         0
                text19                              A12      A12        A         0
                text18                              A08      A08        A         0
                text17                              736      736       3A         0
                text16                              528      528       68         0
                text15                              9BE      9BE        E         0
                text14                              9FE      9FE        A         0
                text13                              944      944       26         0
                text12                              9F4      9F4        A         0
                text11                              9EA      9EA        A         0
                text10                              6A4      6A4       4E         0
                text9                               9E0      9E0        A         0
                text8                               8C6      8C6       2A         0
                text7                               9D6      9D6        A         0
                text6                               9CC      9CC        A         0
                text5                               656      656       4E         0
                text4                               7A2      7A2       32         0
                text3                               A44      A44        6         0
                text2                               9AE      9AE       10         0
                text1                               770      770       32         0
                text0                               6F2      6F2       44         0
                cinit                               590      590       64         0
                idataBANK5                          99E      99E       10         0
                idataCOMRAM                         A5C      A5C        4         0

        CLASS   CONST          

        CLASS   SMALLCONST     

        CLASS   MEDIUMCONST    
                mediumconst                        7DB4     7DB4      24C         0

        CLASS   COMRAM         
                cstackCOMRAM                        547      547        E         1
                dataCOMRAM                          555      555        4         1
                bssCOMRAM                           501      501       46         1
                nvCOMRAM                            559      559        2         1

        CLASS   ABS1           

        CLASS   BIGRAM         

        CLASS   RAM            

        CLASS   BANK5          
                cstackBANK5                         584      584        4         1
                dataBANK5                           574      574       10         1
                nvBANK5                             560      560       14         1

        CLASS   BANK6          

        CLASS   BANK7          

        CLASS   BANK8          

        CLASS   BANK9          

        CLASS   BANK10         

        CLASS   BANK11         

        CLASS   BANK12         

        CLASS   SFR            

        CLASS   BIGSFR         

        CLASS   CONFIG         
                config                           300000   300000        9         4

        CLASS   IDLOC          

        CLASS   EEDATA         

        CLASS   FARRAM         

        CLASS   HEAP           

        CLASS   STACK          



SEGMENTS        Name                           Load    Length   Top    Selector   Space  Class

                reset_vec                      000000  000006  000006         0       0  CODE    
                ivt0x8                         000008  000A5C  000A64         4       0  CODE    
                bssCOMRAM                      000501  00005A  00055B       501       1  COMRAM  
                nvBANK5                        000560  000028  000588       560       1  BANK5   
                mediumconst                    007DB4  00024C  008000      3EDA       0  MEDIUMCO


UNUSED ADDRESS RANGES

        Name                Unused          Largest block    Delta
        BANK10           000A00-000AFF              100
        BANK11           000B00-000BFF              100
        BANK12           000C00-000CFF              100
        BANK5            000588-0005FF               78
        BANK6            000600-0006FF              100
        BANK7            000700-0007FF              100
        BANK8            000800-0008FF              100
        BANK9            000900-0009FF              100
        BIGRAM           00055B-00055F                5
                         000588-000CFF              778
        BIGSFR           000000-0004FF              500
                         000D00-000DFF              100
        CODE             000006-000007                2
                         000A64-007DB3             7350
        COMRAM           00055B-00055F                5
        CONFIG           300009-300011                9
        CONST            000006-000007                2
                         000A64-007DB3             7350
        EEDATA           380000-3801FF              200
        IDLOC            200000-20003F               40
        MEDIUMCONST      000D00-007DB3             70B4
        RAM              000588-000CFF              100
        SFR              000000-0004FF              100
                         000D00-000DFF              100
        SMALLCONST       000D00-007DB3              100

                                  Symbol Table

ADCC_StartConversion@channel                   cstackCOMRAM 000547
CCP1_LoadDutyValue@dutyValue                   cstackCOMRAM 000547
DMA1_DCNTIInterruptHandlerSet@InterruptHandler cstackBANK5  000584
DMA1_DefaultInterruptHandler@ADC_result        cstackCOMRAM 00054D
DMA1_SCNTIInterruptHandlerSet@InterruptHandler cstackBANK5  000584
INT0_SetInterruptHandler@InterruptHandler      cstackBANK5  000584
INT1_SetInterruptHandler@InterruptHandler      cstackBANK5  000584
INT2_SetInterruptHandler@InterruptHandler      cstackBANK5  000584
INTSTAT_ADDR                                   (abs)        0000D7
IVTBASEH                                       (abs)        00045E
IVTBASEL                                       (abs)        00045D
IVTBASEU                                       (abs)        00045F
TMR0_OverflowCallbackRegister@CallbackHandler  cstackBANK5  000584
TMR1_GateCallbackRegister@CallbackHandler      cstackBANK5  000584
TMR1_OverflowCallbackRegister@CallbackHandler  cstackBANK5  000584
TMR1_Write@timerVal                            cstackBANK5  000584
TMR2_OverflowCallbackRegister@InterruptHandler cstackBANK5  000584
TMR3_GateCallbackRegister@CallbackHandler      cstackBANK5  000584
TMR3_OverflowCallbackRegister@CallbackHandler  cstackBANK5  000584
TMR3_Write@timerVal                            cstackCOMRAM 000547
_ACTCON                                        (abs)        0000AC
_ADACCH                                        (abs)        0003E4
_ADACCL                                        (abs)        0003E3
_ADACCU                                        (abs)        0003E5
_ADACQH                                        (abs)        0003EF
_ADACQL                                        (abs)        0003EE
_ADACT                                         (abs)        0003F9
_ADCAP                                         (abs)        0003F0
_ADCC_Initialize                               text27       0005F4
_ADCC_StartConversion                          text38       000A3A
_ADCLK                                         (abs)        0003FA
_ADCNT                                         (abs)        0003E6
_ADCON0                                        (abs)        0003F3
_ADCON0bits                                    (abs)        0003F3
_ADCON1                                        (abs)        0003F4
_ADCON1bits                                    (abs)        0003F4
_ADCON2                                        (abs)        0003F5
_ADCON2bits                                    (abs)        0003F5
_ADCON3                                        (abs)        0003F6
_ADCON3bits                                    (abs)        0003F6
_ADC_result                                    bssCOMRAM    00052B
_ADC_type_flag                                 bssCOMRAM    000531
_ADERRH                                        (abs)        0003DE
_ADERRL                                        (abs)        0003DD
_ADFLTRH                                       (abs)        0003E2
_ADFLTRL                                       (abs)        0003E1
_ADLTHH                                        (abs)        0003DA
_ADLTHL                                        (abs)        0003D9
_ADPCH                                         (abs)        0003EC
_ADPREH                                        (abs)        0003F2
_ADPREL                                        (abs)        0003F1
_ADPREVH                                       (abs)        0003E9
_ADPREVL                                       (abs)        0003E8
_ADREF                                         (abs)        0003F8
_ADRESH                                        (abs)        0003EB
_ADRESL                                        (abs)        0003EA
_ADRPT                                         (abs)        0003E7
_ADSTAT                                        (abs)        0003F7
_ADSTATbits                                    (abs)        0003F7
_ADSTPTH                                       (abs)        0003E0
_ADSTPTL                                       (abs)        0003DF
_ADUTHH                                        (abs)        0003DC
_ADUTHL                                        (abs)        0003DB
_ANSELA                                        (abs)        000400
_ANSELC                                        (abs)        000410
_CCP1CON                                       (abs)        000342
_CCP1CONbits                                   (abs)        000342
_CCP1PPS                                       (abs)        00024F
_CCP1_Initialize                               text26       000986
_CCP1_LoadDutyValue                            text39       00086A
_CCPR1H                                        (abs)        000341
_CCPR1L                                        (abs)        000340
_CCPTMRS0bits                                  (abs)        00034C
_CLOCK_Initialize                              text25       00096A
_CPU_Initialize                                text24       00089A
_DMA1PR                                        (abs)        0000B6
_DMA1_DCNTIInterruptHandlerSet                 text23       000A30
_DMA1_DCNTI_InterruptHandler                   nvBANK5      000572
_DMA1_DMADCNTI_ISR                             text40       000838
_DMA1_DefaultInterruptHandler                  text41       00001E
_DMA1_Initialize                               text21       0004BE
_DMA1_SCNTIInterruptHandlerSet                 text22       000A26
_DMA1_SCNTI_InterruptHandler                   nvCOMRAM     000559
_DMA2PR                                        (abs)        0000B7
_DMA3PR                                        (abs)        0000B8
_DMA4PR                                        (abs)        0000B9
_DMASELECT                                     (abs)        0000E8
_DMAnAIRQ                                      (abs)        0000FE
_DMAnCON0                                      (abs)        0000FC
_DMAnCON0bits                                  (abs)        0000FC
_DMAnCON1                                      (abs)        0000FD
_DMAnCON1bits                                  (abs)        0000FD
_DMAnDCNT                                      (abs)        0000EA
_DMAnDPTR                                      (abs)        0000EC
_DMAnDSA                                       (abs)        0000F0
_DMAnDSZ                                       (abs)        0000EE
_DMAnSCNT                                      (abs)        0000F2
_DMAnSIRQ                                      (abs)        0000FF
_DMAnSPTR                                      (abs)        0000F4
_DMAnSSA                                       (abs)        0000F9
_DMAnSSZ                                       (abs)        0000F7
_DONT_CARE                                     mediumconst  007FF4
_INLVLA                                        (abs)        000404
_INLVLC                                        (abs)        000414
_INT0_DefaultInterruptHandler                  (abs)        000000
_INT0_InterruptHandler                         nvBANK5      000570
_INT0_SetInterruptHandler                      text20       000A1C
_INT1_DefaultInterruptHandler                  (abs)        000000
_INT1_InterruptHandler                         nvBANK5      00056E
_INT1_SetInterruptHandler                      text19       000A12
_INT2_DefaultInterruptHandler                  (abs)        000000
_INT2_InterruptHandler                         nvBANK5      00056C
_INT2_SetInterruptHandler                      text18       000A08
_INTCON0bits                                   (abs)        0004D6
_INTERRUPT_Initialize                          text17       000736
_INTERRUPT_InterruptManager                    text28       000420
_IOCAF                                         (abs)        000407
_IOCAN                                         (abs)        000406
_IOCAP                                         (abs)        000405
_IOCCF                                         (abs)        000417
_IOCCN                                         (abs)        000416
_IOCCP                                         (abs)        000415
_ISRPR                                         (abs)        0000BF
_LATA                                          (abs)        0004BE
_LATC                                          (abs)        0004C0
_MAINPR                                        (abs)        0000BE
_NEGATIVE                                      mediumconst  007FF9
_NO                                            mediumconst  007FF2
_ODCONA                                        (abs)        000402
_ODCONC                                        (abs)        000412
_OSCCON1                                       (abs)        0000AD
_OSCCON3                                       (abs)        0000AF
_OSCEN                                         (abs)        0000B3
_OSCFRQ                                        (abs)        0000B1
_OSCTUNE                                       (abs)        0000B0
_PIE1bits                                      (abs)        0004A9
_PIE2bits                                      (abs)        0004AA
_PIE3bits                                      (abs)        0004AB
_PIE4bits                                      (abs)        0004AC
_PIN_MANAGER_Initialize                        text16       000528
_PIR10bits                                     (abs)        0004BD
_PIR1bits                                      (abs)        0004B4
_PIR2bits                                      (abs)        0004B5
_PIR3bits                                      (abs)        0004B6
_PIR4bits                                      (abs)        0004B7
_PIR6bits                                      (abs)        0004B9
_POSITIVE                                      mediumconst  007FFA
_PR2                                           (abs)        00031D
_PRLOCK                                        (abs)        0000B4
_PRLOCKbits                                    (abs)        0000B4
_PRODH                                         (abs)        0004F4
_PRODL                                         (abs)        0004F3
_RA2PPS                                        (abs)        000203
_RC0I2C                                        (abs)        000289
_RC1I2C                                        (abs)        000288
_SCANPR                                        (abs)        0000B5
_SLRCONA                                       (abs)        000403
_SLRCONC                                       (abs)        000413
_SYSTEM_Initialize                             text4        0007A2
_SystemArbiter_Initialize                      text15       0009BE
_T0CON0                                        (abs)        00031A
_T0CON0bits                                    (abs)        00031A
_T0CON1                                        (abs)        00031B
_T0CON1bits                                    (abs)        00031B
_T1CLK                                         (abs)        000317
_T1CON                                         (abs)        000314
_T1CONbits                                     (abs)        000314
_T1GATE                                        (abs)        000316
_T1GCON                                        (abs)        000315
_T1GCONbits                                    (abs)        000315
_T2CLKCON                                      (abs)        000320
_T2CON                                         (abs)        00031E
_T2CONbits                                     (abs)        00031E
_T2HLT                                         (abs)        00031F
_T2HLTbits                                     (abs)        00031F
_T2PR                                          (abs)        00031D
_T2RST                                         (abs)        000321
_T2RSTbits                                     (abs)        000321
_T2TMR                                         (abs)        00031C
_T3CLK                                         (abs)        000328
_T3CON                                         (abs)        000325
_T3CONbits                                     (abs)        000325
_T3GATE                                        (abs)        000327
_T3GCON                                        (abs)        000326
_T3GCONbits                                    (abs)        000326
_TMR0H                                         (abs)        000319
_TMR0IF                                        (abs)        0025B7
_TMR0L                                         (abs)        000318
_TMR0_DefaultOverflowCallback                  text32       000312
_TMR0_Initialize                               text13       000944
_TMR0_OverflowCallback                         nvBANK5      000568
_TMR0_OverflowCallbackRegister                 text14       0009FE
_TMR0_OverflowISR                              text30       000806
_TMR0_Reload                                   (abs)        000000
_TMR0_Start                                    text3        000A44
_TMR0_Stop                                     (abs)        000000
_TMR0_base_prescaler_bits_index                bssCOMRAM    000537
_TMR0_prescaler_adjust                         bssCOMRAM    000538
_TMR0_prescaler_bits                           mediumconst  007FE9
_TMR0_prescaler_final_index                    bssCOMRAM    000532
_TMR0_prescaler_overflow_flag                  bssCOMRAM    000533
_TMR1H                                         (abs)        000313
_TMR1L                                         (abs)        000312
_TMR1_DefaultGateCallback                      (abs)        000000
_TMR1_DefaultOverflowCallback                  text31       0001DE
_TMR1_GateCallback                             nvBANK5      000564
_TMR1_GateCallbackRegister                     text12       0009F4
_TMR1_Initialize                               text10       0006A4
_TMR1_InterruptHandler                         bssCOMRAM    000523
_TMR1_OverflowCallback                         nvBANK5      000566
_TMR1_OverflowCallbackRegister                 text11       0009EA
_TMR1_OverflowISR                              text29       0007D4
_TMR1_PeriodCountSet                           (abs)        000000
_TMR1_Start                                    text2        0009AE
_TMR1_Start$intlevel0                          text2        0009B8
_TMR1_Stop                                     text37       000A50
_TMR1_Write                                    text1        000770
_TMR2                                          (abs)        00031C
_TMR2_DefaultOverflowCallback                  text33       000A60
_TMR2_Initialize                               text8        0008C6
_TMR2_OverflowCallback                         nvBANK5      00056A
_TMR2_OverflowCallbackRegister                 text9        0009E0
_TMR2_PeriodCountSet                           (abs)        000000
_TMR2_Start                                    (abs)        000000
_TMR2_Stop                                     (abs)        000000
_TMR3H                                         (abs)        000324
_TMR3L                                         (abs)        000323
_TMR3_DefaultGateCallback                      (abs)        000000
_TMR3_DefaultOverflowCallback                  text34       000A62
_TMR3_GateCallback                             nvBANK5      000560
_TMR3_GateCallbackRegister                     text7        0009D6
_TMR3_Initialize                               text5        000656
_TMR3_InterruptHandler                         bssCOMRAM    00051F
_TMR3_OverflowCallback                         nvBANK5      000562
_TMR3_OverflowCallbackRegister                 text6        0009CC
_TMR3_PeriodCountSet                           (abs)        000000
_TMR3_Start                                    text36       000A4A
_TMR3_Stop                                     (abs)        000000
_TMR3_Write                                    text35       0008F0
_TRISA                                         (abs)        0004C6
_TRISC                                         (abs)        0004C8
_Timer0                                        mediumconst  007FD1
_Timer1                                        mediumconst  007FC5
_Timer2                                        mediumconst  007FDD
_Timer3                                        mediumconst  007FB9
_WPUA                                          (abs)        000401
_WPUC                                          (abs)        000411
_YES                                           mediumconst  007FF3
__HRAM                                         (abs)        000000
__H__absolute__                                __absolute__ 000000
__Habs1                                        abs1         000000
__Hbank10                                      bank10       000000
__Hbank11                                      bank11       000000
__Hbank12                                      bank12       000000
__Hbank5                                       bank5        000000
__Hbank6                                       bank6        000000
__Hbank7                                       bank7        000000
__Hbank8                                       bank8        000000
__Hbank9                                       bank9        000000
__Hbigbss                                      bigbss       000000
__Hbigdata                                     bigdata      000000
__Hbigram                                      bigram       000000
__Hbigsfr                                      bigsfr       000000
__Hbss                                         bss          000000
__HbssCOMRAM                                   bssCOMRAM    000000
__Hcinit                                       cinit        000000
__Hclrtext                                     clrtext      000000
__Hcomram                                      comram       000000
__Hconfig                                      config       300009
__Hconst                                       const        000000
__HcstackBANK5                                 cstackBANK5  000000
__HcstackCOMRAM                                cstackCOMRAM 000000
__Hdata                                        data         000000
__HdataBANK5                                   dataBANK5    000000
__HdataCOMRAM                                  dataCOMRAM   000000
__Heeprom_data                                 eeprom_data  000000
__Hfarbss                                      farbss       000000
__Hfardata                                     fardata      000000
__Hheap                                        heap         000000
__Hibigdata                                    ibigdata     000000
__Hidata                                       idata        000000
__HidataBANK5                                  idataBANK5   000000
__HidataCOMRAM                                 idataCOMRAM  000000
__Hidloc                                       idloc        000000
__Hifardata                                    ifardata     000000
__Hinit                                        init         00001E
__Hintsave_regs                                intsave_regs 000000
__Hirdata                                      irdata       000000
__Hivt0x8                                      ivt0x8       00001A
__Hmediumconst                                 mediumconst  008000
__HnvBANK5                                     nvBANK5      000000
__HnvCOMRAM                                    nvCOMRAM     000000
__HnvFARRAM                                    nvFARRAM     000000
__Hnvbit                                       nvbit        000000
__Hnvrram                                      nvrram       000000
__Hparam                                       rparam       000000
__Hpowerup                                     powerup      000000
__Hram                                         ram          000000
__Hramtop                                      ramtop       000D00
__Hrbit                                        rbit         000000
__Hrbss                                        rbss         000000
__Hrdata                                       rdata        000000
__Hreset_vec                                   reset_vec    000006
__Hrparam                                      rparam       000000
__Hsfr                                         sfr          000000
__Hsmallconst                                  smallconst   000000
__Hspace_0                                     (abs)        008000
__Hspace_1                                     (abs)        000588
__Hspace_2                                     (abs)        000000
__Hspace_4                                     (abs)        600009
__Hstack                                       stack        000000
__Hstruct                                      struct       000000
__Htemp                                        temp         000000
__Htext                                        text         000000
__Htext0                                       text0        000000
__Htext1                                       text1        000000
__Htext10                                      text10       000000
__Htext11                                      text11       000000
__Htext12                                      text12       000000
__Htext13                                      text13       000000
__Htext14                                      text14       000000
__Htext15                                      text15       000000
__Htext16                                      text16       000000
__Htext17                                      text17       000000
__Htext18                                      text18       000000
__Htext19                                      text19       000000
__Htext2                                       text2        000000
__Htext20                                      text20       000000
__Htext21                                      text21       000000
__Htext22                                      text22       000000
__Htext23                                      text23       000000
__Htext24                                      text24       000000
__Htext25                                      text25       000000
__Htext26                                      text26       000000
__Htext27                                      text27       000000
__Htext28                                      text28       000000
__Htext29                                      text29       000000
__Htext3                                       text3        000000
__Htext30                                      text30       000000
__Htext31                                      text31       000000
__Htext32                                      text32       000000
__Htext33                                      text33       000000
__Htext34                                      text34       000000
__Htext35                                      text35       000000
__Htext36                                      text36       000000
__Htext37                                      text37       000000
__Htext38                                      text38       000000
__Htext39                                      text39       000000
__Htext4                                       text4        000000
__Htext40                                      text40       000000
__Htext41                                      text41       000000
__Htext42                                      text42       000000
__Htext43                                      text43       000000
__Htext5                                       text5        000000
__Htext6                                       text6        000000
__Htext7                                       text7        000000
__Htext8                                       text8        000000
__Htext9                                       text9        000000
__LRAM                                         (abs)        000001
__L__absolute__                                __absolute__ 000000
__Labs1                                        abs1         000000
__Lbank10                                      bank10       000000
__Lbank11                                      bank11       000000
__Lbank12                                      bank12       000000
__Lbank5                                       bank5        000000
__Lbank6                                       bank6        000000
__Lbank7                                       bank7        000000
__Lbank8                                       bank8        000000
__Lbank9                                       bank9        000000
__Lbigbss                                      bigbss       000000
__Lbigdata                                     bigdata      000000
__Lbigram                                      bigram       000000
__Lbigsfr                                      bigsfr       000000
__Lbss                                         bss          000000
__LbssCOMRAM                                   bssCOMRAM    000000
__Lcinit                                       cinit        000000
__Lclrtext                                     clrtext      000000
__Lcomram                                      comram       000000
__Lconfig                                      config       000000
__Lconst                                       const        000000
__LcstackBANK5                                 cstackBANK5  000000
__LcstackCOMRAM                                cstackCOMRAM 000000
__Ldata                                        data         000000
__LdataBANK5                                   dataBANK5    000000
__LdataCOMRAM                                  dataCOMRAM   000000
__Leeprom_data                                 eeprom_data  000000
__Lfarbss                                      farbss       000000
__Lfardata                                     fardata      000000
__Lheap                                        heap         000000
__Libigdata                                    ibigdata     000000
__Lidata                                       idata        000000
__LidataBANK5                                  idataBANK5   000000
__LidataCOMRAM                                 idataCOMRAM  000000
__Lidloc                                       idloc        000000
__Lifardata                                    ifardata     000000
__Linit                                        init         00001A
__Lintsave_regs                                intsave_regs 000000
__Lirdata                                      irdata       000000
__Livt0x8                                      ivt0x8       000008
__Lmediumconst                                 mediumconst  007DB4
__LnvBANK5                                     nvBANK5      000000
__LnvCOMRAM                                    nvCOMRAM     000000
__LnvFARRAM                                    nvFARRAM     000000
__Lnvbit                                       nvbit        000000
__Lnvrram                                      nvrram       000000
__Lparam                                       rparam       000000
__Lpowerup                                     powerup      000000
__Lram                                         ram          000000
__Lramtop                                      ramtop       000D00
__Lrbit                                        rbit         000000
__Lrbss                                        rbss         000000
__Lrdata                                       rdata        000000
__Lreset_vec                                   reset_vec    000000
__Lrparam                                      rparam       000000
__Lsfr                                         sfr          000000
__Lsmallconst                                  smallconst   000000
__Lspace_0                                     (abs)        000000
__Lspace_1                                     (abs)        000000
__Lspace_2                                     (abs)        000000
__Lspace_4                                     (abs)        000000
__Lstack                                       stack        000000
__Lstruct                                      struct       000000
__Ltemp                                        temp         000000
__Ltext                                        text         000000
__Ltext0                                       text0        000000
__Ltext1                                       text1        000000
__Ltext10                                      text10       000000
__Ltext11                                      text11       000000
__Ltext12                                      text12       000000
__Ltext13                                      text13       000000
__Ltext14                                      text14       000000
__Ltext15                                      text15       000000
__Ltext16                                      text16       000000
__Ltext17                                      text17       000000
__Ltext18                                      text18       000000
__Ltext19                                      text19       000000
__Ltext2                                       text2        000000
__Ltext20                                      text20       000000
__Ltext21                                      text21       000000
__Ltext22                                      text22       000000
__Ltext23                                      text23       000000
__Ltext24                                      text24       000000
__Ltext25                                      text25       000000
__Ltext26                                      text26       000000
__Ltext27                                      text27       000000
__Ltext28                                      text28       000000
__Ltext29                                      text29       000000
__Ltext3                                       text3        000000
__Ltext30                                      text30       000000
__Ltext31                                      text31       000000
__Ltext32                                      text32       000000
__Ltext33                                      text33       000000
__Ltext34                                      text34       000000
__Ltext35                                      text35       000000
__Ltext36                                      text36       000000
__Ltext37                                      text37       000000
__Ltext38                                      text38       000000
__Ltext39                                      text39       000000
__Ltext4                                       text4        000000
__Ltext40                                      text40       000000
__Ltext41                                      text41       000000
__Ltext42                                      text42       000000
__Ltext43                                      text43       000000
__Ltext5                                       text5        000000
__Ltext6                                       text6        000000
__Ltext7                                       text7        000000
__Ltext8                                       text8        000000
__Ltext9                                       text9        000000
__S0                                           (abs)        008000
__S1                                           (abs)        000588
__S4                                           (abs)        000000
__S5                                           (abs)        000000
___heap_hi                                     (abs)        000000
___heap_lo                                     (abs)        000000
___inthi_sp                                    stack        000000
___inthi_stack_hi                              stack        000000
___inthi_stack_lo                              stack        000000
___intlo_sp                                    stack        000000
___intlo_stack_hi                              stack        000000
___intlo_stack_lo                              stack        000000
___param_bank                                  (abs)        000000
___rparam_used                                 (abs)        000001
___sp                                          stack        000000
___stack_hi                                    stack        000000
___stack_lo                                    stack        000000
__accesstop                                    (abs)        000560
__activetblptr                                 (abs)        000002
__end_of_ADCC_Initialize                       text27       000656
__end_of_ADCC_StartConversion                  text38       000A44
__end_of_CCP1_Initialize                       text26       00099E
__end_of_CCP1_LoadDutyValue                    text39       00089A
__end_of_CLOCK_Initialize                      text25       000986
__end_of_CPU_Initialize                        text24       0008C6
__end_of_DIVIDE_BY_FOUR                        mediumconst  007FF6
__end_of_DIVIDE_BY_TWO                         mediumconst  007FF8
__end_of_DMA1_DCNTIInterruptHandlerSet         text23       000A3A
__end_of_DMA1_DMADCNTI_ISR                     text40       00086A
__end_of_DMA1_DefaultInterruptHandler          text41       0001DE
__end_of_DMA1_Initialize                       text21       000528
__end_of_DMA1_SCNTIInterruptHandlerSet         text22       000A30
__end_of_DONT_CARE                             mediumconst  007FF5
__end_of_DO_NOTHING                            mediumconst  007FF9
__end_of_INT0_SetInterruptHandler              text20       000A26
__end_of_INT1_SetInterruptHandler              text19       000A1C
__end_of_INT2_SetInterruptHandler              text18       000A12
__end_of_INTERRUPT_Initialize                  text17       000770
__end_of_INTERRUPT_InterruptManager            text28       0004BE
__end_of_MULTIPLY_BY_TWO                       mediumconst  007FF7
__end_of_NEGATIVE                              mediumconst  007FFA
__end_of_NO                                    mediumconst  007FF3
__end_of_PIN_MANAGER_Initialize                text16       000590
__end_of_POSITIVE                              mediumconst  007FFB
__end_of_SYSTEM_Initialize                     text4        0007D4
__end_of_SystemArbiter_Initialize              text15       0009CC
__end_of_TMR0_DefaultOverflowCallback          text32       000420
__end_of_TMR0_Initialize                       text13       00096A
__end_of_TMR0_OverflowCallbackRegister         text14       000A08
__end_of_TMR0_OverflowISR                      text30       000838
__end_of_TMR0_Start                            text3        000A4A
__end_of_TMR0_prescaler_bits                   mediumconst  007FF2
__end_of_TMR1_DefaultOverflowCallback          text31       000312
__end_of_TMR1_GateCallbackRegister             text12       0009FE
__end_of_TMR1_Initialize                       text10       0006F2
__end_of_TMR1_OverflowCallbackRegister         text11       0009F4
__end_of_TMR1_OverflowISR                      text29       000806
__end_of_TMR1_Start                            text2        0009BE
__end_of_TMR1_Stop                             text37       000A56
__end_of_TMR1_Write                            text1        0007A2
__end_of_TMR2_DefaultOverflowCallback          text33       000A62
__end_of_TMR2_Initialize                       text8        0008F0
__end_of_TMR2_OverflowCallbackRegister         text9        0009EA
__end_of_TMR3_DefaultOverflowCallback          text34       000A64
__end_of_TMR3_GateCallbackRegister             text7        0009E0
__end_of_TMR3_Initialize                       text5        0006A4
__end_of_TMR3_OverflowCallbackRegister         text6        0009D6
__end_of_TMR3_Start                            text36       000A50
__end_of_TMR3_Write                            text35       00091A
__end_of_Timer0                                mediumconst  007FDD
__end_of_Timer1                                mediumconst  007FD1
__end_of_Timer2                                mediumconst  007FE9
__end_of_Timer3                                mediumconst  007FC5
__end_of_YES                                   mediumconst  007FF4
__end_of__initialization                       cinit        0005EA
__end_of_depth_adc_config_value                mediumconst  007FFD
__end_of_main                                  text0        000736
__end_of_sine_table_one_quadrant               mediumconst  007FB9
__end_of_speed_adc_config_value                mediumconst  007FFE
__end_of_symmetry_adc_config_value             mediumconst  007FFC
__end_of_tri_table_one_quadrant                mediumconst  007EB7
__end_of_waveshape_adc_config_value            mediumconst  007FFF
__end_ofi2_TMR1_Start                          text43       000A5C
__end_ofi2_TMR1_Write                          text42       000944
__initialization                               cinit        000590
__mediumconst                                  mediumconst  007DB4
__pbssCOMRAM                                   bssCOMRAM    000501
__pcinit                                       cinit        000590
__pcstackBANK5                                 cstackBANK5  000584
__pcstackCOMRAM                                cstackCOMRAM 000547
__pdataBANK5                                   dataBANK5    000574
__pdataCOMRAM                                  dataCOMRAM   000555
__pidataBANK5                                  idataBANK5   00099E
__pidataCOMRAM                                 idataCOMRAM  000A5C
__pivt0x8                                      ivt0x8       000008
__pmediumconst                                 mediumconst  007DB4
__pnvBANK5                                     nvBANK5      000560
__pnvCOMRAM                                    nvCOMRAM     000559
__ptext0                                       text0        0006F2
__ptext1                                       text1        000770
__ptext10                                      text10       0006A4
__ptext11                                      text11       0009EA
__ptext12                                      text12       0009F4
__ptext13                                      text13       000944
__ptext14                                      text14       0009FE
__ptext15                                      text15       0009BE
__ptext16                                      text16       000528
__ptext17                                      text17       000736
__ptext18                                      text18       000A08
__ptext19                                      text19       000A12
__ptext2                                       text2        0009AE
__ptext20                                      text20       000A1C
__ptext21                                      text21       0004BE
__ptext22                                      text22       000A26
__ptext23                                      text23       000A30
__ptext24                                      text24       00089A
__ptext25                                      text25       00096A
__ptext26                                      text26       000986
__ptext27                                      text27       0005F4
__ptext28                                      text28       000420
__ptext29                                      text29       0007D4
__ptext3                                       text3        000A44
__ptext30                                      text30       000806
__ptext31                                      text31       0001DE
__ptext32                                      text32       000312
__ptext33                                      text33       000A60
__ptext34                                      text34       000A62
__ptext35                                      text35       0008F0
__ptext36                                      text36       000A4A
__ptext37                                      text37       000A50
__ptext38                                      text38       000A3A
__ptext39                                      text39       00086A
__ptext4                                       text4        0007A2
__ptext40                                      text40       000838
__ptext41                                      text41       00001E
__ptext42                                      text42       00091A
__ptext43                                      text43       000A56
__ptext5                                       text5        000656
__ptext6                                       text6        0009CC
__ptext7                                       text7        0009D6
__ptext8                                       text8        0008C6
__ptext9                                       text9        0009E0
__ramtop                                       ramtop       000D00
__smallconst                                   smallconst   000000
_adcc_type_array                               dataBANK5    00057C
_adres                                         bssCOMRAM    000545
_current_adcc_type_ptr                         dataCOMRAM   000555
_current_depth                                 bssCOMRAM    00052D
_current_depthL                                bssCOMRAM    00053A
_current_dma_type_ptr                          dataCOMRAM   000557
_current_halfcycle                             bssCOMRAM    000541
_current_one_quadrant_index                    bssCOMRAM    000543
_current_quadrant                              bssCOMRAM    000542
_current_speed_linear                          bssCOMRAM    00052F
_current_speed_linear_32                       bssCOMRAM    000509
_current_symmetry                              bssCOMRAM    000519
_current_waveshape                             bssCOMRAM    000544
_depth_adc_config_value                        mediumconst  007FFC
_dma_type_array                                dataBANK5    000574
_duty                                          bssCOMRAM    000529
_dutyH                                         bssCOMRAM    00053B
_dutyL                                         bssCOMRAM    00053C
_duty_high_byte                                bssCOMRAM    000534
_duty_low_byte                                 bssCOMRAM    000535
_final_TMR0                                    bssCOMRAM    000515
_how_many_128                                  bssCOMRAM    000539
_main                                          text0        0006F2
_multiply_product                              bssCOMRAM    00050D
_raw_TMR0                                      bssCOMRAM    000505
_res0                                          bssCOMRAM    000540
_res1                                          bssCOMRAM    00053F
_res2                                          bssCOMRAM    00053E
_res3                                          bssCOMRAM    00053D
_result_of_low_by_high                         bssCOMRAM    000511
_result_of_low_by_low                          bssCOMRAM    000527
_sine_table_one_quadrant                       mediumconst  007EB7
_speed_adc_config_value                        mediumconst  007FFD
_speed_control                                 bssCOMRAM    00051D
_speed_control_32                              bssCOMRAM    000501
_symmetry_adc_config_value                     mediumconst  007FFB
_symmetry_status                               bssCOMRAM    000536
_timer1ReloadVal                               bssCOMRAM    000525
_timer3ReloadVal                               bssCOMRAM    000521
_tri_table_one_quadrant                        mediumconst  007DB5
_waveshape_adc_config_value                    mediumconst  007FFE
end_of_initialization                          cinit        0005EA
i2TMR1_Write@timerVal                          cstackCOMRAM 000547
i2_TMR1_Start                                  text43       000A56
i2_TMR1_Write                                  text42       00091A
intlevel0                                      text         000000
intlevel1                                      text         000000
intlevel2                                      text         000000
intlevel3                                      text         000000
isa$std                                        (abs)        000001
isa$xinst                                      (abs)        000000
ivt0x8_base                                    ivt0x8       000008
stackhi                                        (abs)        000000
stacklo                                        (abs)        000000
start                                          init         00001A
start_initialization                           cinit        000590


MODULE INFORMATION

Module		Function		Class		Link	Load	Size
mcc_generated_files/dma/src/dma1.c
		_DMA1_Initialize		CODE           	04BE	0000	106
		_DMA1_DefaultInterruptHandler		CODE           	001E	0000	448
		_DMA1_DCNTIInterruptHandlerSet		CODE           	0A30	0000	10
		_DMA1_DMADCNTI_ISR		CODE           	0838	0000	50
		_DMA1_SCNTIInterruptHandlerSet		CODE           	0A26	0000	10

mcc_generated_files/dma/src/dma1.c estimated size: 624

mcc_generated_files/timer/src/tmr3.c
		_TMR3_Initialize		CODE           	0656	0000	78
		_TMR3_Write    		CODE           	08F0	0000	42
		_TMR3_Start    		CODE           	0A4A	0000	6
		_TMR3_OverflowCallbackRegister		CODE           	09CC	0000	10
		_TMR3_DefaultOverflowCallback		CODE           	0A62	0000	2
		_TMR3_GateCallbackRegister		CODE           	09D6	0000	10

mcc_generated_files/timer/src/tmr3.c estimated size: 148

mcc_generated_files/timer/src/tmr1.c
		_TMR1_Initialize		CODE           	06A4	0000	78
		_TMR1_Stop     		CODE           	0A50	0000	6
		_TMR1_Write    		CODE           	0770	0000	50
		_TMR1_Start    		CODE           	09AE	0000	16
		_TMR1_OverflowCallbackRegister		CODE           	09EA	0000	10
		_TMR1_DefaultOverflowCallback		CODE           	01DE	0000	308
		_TMR1_GateCallbackRegister		CODE           	09F4	0000	10
		_TMR1_OverflowISR		CODE           	07D4	0000	50

mcc_generated_files/timer/src/tmr1.c estimated size: 528

mcc_generated_files/system/src/interrupt.c
		_INT0_SetInterruptHandler		CODE           	0A1C	0000	10
		_INT1_SetInterruptHandler		CODE           	0A12	0000	10
		_INT2_SetInterruptHandler		CODE           	0A08	0000	10
		_INTERRUPT_Initialize		CODE           	0736	0000	58
		_INTERRUPT_InterruptManager		CODE           	0420	0000	158

mcc_generated_files/system/src/interrupt.c estimated size: 246

mcc_generated_files/adc/src/adcc.c
		_ADCC_StartConversion		CODE           	0A3A	0000	10
		_ADCC_Initialize		CODE           	05F4	0000	98

mcc_generated_files/adc/src/adcc.c estimated size: 108

mcc_generated_files/system/src/pins.c
		_PIN_MANAGER_Initialize		CODE           	0528	0000	104

mcc_generated_files/system/src/pins.c estimated size: 104

shared
		_MULTIPLY_BY_TWO		MEDIUMCONST    	0000	0000	0
		_waveshape_adc_config_value		MEDIUMCONST    	7FFE	0000	1
		_Timer1        		MEDIUMCONST    	7FC5	0000	12
		_YES           		MEDIUMCONST    	7FF3	0000	1
		_DONT_CARE     		MEDIUMCONST    	7FF4	0000	1
		_POSITIVE      		MEDIUMCONST    	7FFA	0000	1
		_TMR0_prescaler_bits		MEDIUMCONST    	7FE9	0000	9
		_DIVIDE_BY_TWO 		MEDIUMCONST    	0000	0000	0
		_DO_NOTHING    		MEDIUMCONST    	0000	0000	0
		i2_TMR1_Write  		CODE           	091A	0000	42
		i2_TMR1_Start  		CODE           	0A56	0000	6
		_DIVIDE_BY_FOUR		MEDIUMCONST    	0000	0000	0
		_speed_adc_config_value		MEDIUMCONST    	7FFD	0000	1
		_depth_adc_config_value		MEDIUMCONST    	7FFC	0000	1
		_Timer2        		MEDIUMCONST    	7FDD	0000	12
		__initialization		CODE           	0590	0000	90
		_NO            		MEDIUMCONST    	7FF2	0000	1
		_tri_table_one_quadrant		MEDIUMCONST    	7DB5	0000	258
		_Timer0        		MEDIUMCONST    	7FD1	0000	12
		_symmetry_adc_config_value		MEDIUMCONST    	7FFB	0000	1
		_Timer3        		MEDIUMCONST    	7FB9	0000	12
		_NEGATIVE      		MEDIUMCONST    	7FF9	0000	1
		_sine_table_one_quadrant		MEDIUMCONST    	7EB7	0000	258

shared estimated size: 720

mcc_generated_files/timer/src/tmr2.c
		_TMR2_Initialize		CODE           	08C6	0000	42
		_TMR2_OverflowCallbackRegister		CODE           	09E0	0000	10
		_TMR2_DefaultOverflowCallback		CODE           	0A60	0000	2

mcc_generated_files/timer/src/tmr2.c estimated size: 54

mcc_generated_files/system/src/clock.c
		_CLOCK_Initialize		CODE           	096A	0000	28

mcc_generated_files/system/src/clock.c estimated size: 28

mcc_generated_files/timer/src/tmr0.c
		_TMR0_OverflowCallbackRegister		CODE           	09FE	0000	10
		_TMR0_DefaultOverflowCallback		CODE           	0312	0000	270
		_TMR0_OverflowISR		CODE           	0806	0000	50
		_TMR0_Initialize		CODE           	0944	0000	38
		_TMR0_Start    		CODE           	0A44	0000	6

mcc_generated_files/timer/src/tmr0.c estimated size: 374

mcc_generated_files/pwm/src/ccp1.c
		_CCP1_LoadDutyValue		CODE           	086A	0000	48
		_CCP1_Initialize		CODE           	0986	0000	24

mcc_generated_files/pwm/src/ccp1.c estimated size: 72

main.c
		_main          		CODE           	06F2	0000	68

main.c estimated size: 68

mcc_generated_files/system/src/system.c
		_SystemArbiter_Initialize		CODE           	09BE	0000	14
		_CPU_Initialize		CODE           	089A	0000	44
		_SYSTEM_Initialize		CODE           	07A2	0000	50

mcc_generated_files/system/src/system.c estimated size: 108

