Microchip MPLAB XC8 Compiler V2.46

Linker command line:

-W-3 \
  --edf=C:/Users/jamesgarvey/.mchp_packs/Microchip/PIC18F-Q_DFP/1.25.433/xc8\pic\dat\20240223164052_en.msgs \
  -pivt0x8=08h -cn \
  -h+dist/default/production\MI-2023-2024-PIC18-WINDOWS.production.sym \
  --cmf=dist/default/production\MI-2023-2024-PIC18-WINDOWS.production.cmf \
  -z -Q18F05Q40 \
  -oC:\Users\JAMESG~1\AppData\Local\Temp\xcAs52o.\driver_tmp_3.o \
  --defsym=__MPLAB_BUILD=1 --fixupoverflow=error \
  -Mdist/default/production/MI-2023-2024-PIC18-WINDOWS.production.map \
  --md=C:\Users\JAMESG~1\AppData\Local\Temp\xcAs52o.\driver_tmp_0.dat -E1 \
  -ver=XC8 Compiler --acfsm=1493 -ACODE=00h-07FFFh -ACONST=00h-07FFFh \
  -ASMALLCONST=0D00h-0DFFhx115 -AMEDIUMCONST=0D00h-07FFFh \
  -ACOMRAM=0501h-055Fh -AABS1=0500h-0CFFh -ABIGRAM=0501h-0CFFh \
  -ARAM=0560h-05FFh,0600h-06FFhx7 -ABANK5=0560h-05FFh -ABANK6=0600h-06FFh \
  -ABANK7=0700h-07FFh -ABANK8=0800h-08FFh -ABANK9=0900h-09FFh \
  -ABANK10=0A00h-0AFFh -ABANK11=0B00h-0BFFh -ABANK12=0C00h-0CFFh \
  -ASFR=00h-0FFhx4,0400h-045Fh,0460h-04FFh,0D00h-0DFFh \
  -ABIGSFR=00h-04FFh,0D00h-0DFFh -ACONFIG=0300000h-0300011h \
  -AIDLOC=0200000h-020003Fh -AEEDATA=0380000h-03801FFh -peeprom_data=EEDATA \
  -preset_vec=00h -ppowerup=CODE,init -pramtop=0D00h \
  -psmallconst=SMALLCONST -pmediumconst=MEDIUMCONST -pconst=CONST \
  -AFARRAM=00h-00h \
  -prdata=COMRAM,nvrram=COMRAM,nvbit=COMRAM,rbss=COMRAM,rbit=COMRAM \
  -pfarbss=FARRAM,fardata=FARRAM,nvFARRAM=FARRAM \
  -pintsave_regs=BIGRAM,bigbss=BIGRAM,bigdata=BIGRAM -pbss=RAM \
  -pidata=CODE,irdata=CODE,ibigdata=CODE,ifardata=CODE -prparam=COMRAM \
  C:\Users\JAMESG~1\AppData\Local\Temp\xcAs52o.\driver_tmp_9.o \
  dist/default/production\MI-2023-2024-PIC18-WINDOWS.production.o 

Object code version is 3.11

Machine type is 18F05Q40



                Name                               Link     Load   Length Selector   Space Scale
C:\Users\JAMESG~1\AppData\Local\Temp\xcAs52o.\driver_tmp_9.o
                config                           300000   300000        9        0       4
                init                                 1A       1A        4        4       0
                reset_vec                             0        0        4        0       0
dist/default/production\MI-2023-2024-PIC18-WINDOWS.production.o
                config                           300000   300000        9        0       4
                mediumconst                        7DB8     7DB8      248     3EDC       0
                ivt0x8                                8        8       12        4       0
                text40                              90E      90E        6        4       0
                text39                              7C0      7C0       2A        4       0
                text38                               1E       1E      11C        4       0
                text37                              6B0      6B0       32        4       0
                text36                              6E2      6E2       30        4       0
                text35                              864      864       16        4       0
                text34                              810      810       20        4       0
                text33                              908      908        6        4       0
                text32                              796      796       2A        4       0
                text31                              91A      91A        2        4       0
                text30                              918      918        2        4       0
                text29                              13A      13A      112        4       0
                text28                              24C      24C       A2        4       0
                text27                              67E      67E       32        4       0
                text26                              5D4      5D4       3E        4       0
                text25                              2EE      2EE       9E        4       0
                text24                              4D0      4D0       66        4       0
                text23                              84C      84C       18        4       0
                text22                              830      830       1C        4       0
                text21                              740      740       2C        4       0
                text20                              8F8      8F8        A        4       0
                text19                              8EE      8EE        A        4       0
                text18                              3FE      3FE       6A        4       0
                text17                              8E4      8E4        A        4       0
                text16                              8DA      8DA        A        4       0
                text15                              8D0      8D0        A        4       0
                text14                              612      612       3A        4       0
                text13                              468      468       68        4       0
                text12                              89A      89A        E        4       0
                text11                              8C6      8C6        A        4       0
                text10                              7EA      7EA       26        4       0
                text9                               8BC      8BC        A        4       0
                text8                               8B2      8B2        A        4       0
                text7                               586      586       4E        4       0
                text6                               8A8      8A8        A        4       0
                text5                               76C      76C       2A        4       0
                text4                               712      712       2E        4       0
                text3                               902      902        6        4       0
                text2                               88A      88A       10        4       0
                text1                               64C      64C       32        4       0
                text0                               536      536       50        4       0
                cstackCOMRAM                        545      545        C      501       1
                cstackBANK5                         588      588        4      560       1
                dataBANK5                           572      572       10      560       1
                bssBANK5                            582      582        6      560       1
                dataCOMRAM                          555      555        4      501       1
                bssCOMRAM                           501      501       44      501       1
                cinit                               38C      38C       72        4       0
                nvBANK5                             560      560       12      560       1
                nvCOMRAM                            551      551        4      501       1
                idataBANK5                          87A      87A       10        4       0
                idataCOMRAM                         914      914        4        4       0

TOTAL           Name                               Link     Load   Length     Space
        CLASS   CODE           
                init                                 1A       1A        4         0
                reset_vec                             0        0        4         0
                ivt0x8                                8        8       12         0
                text40                              90E      90E        6         0
                text39                              7C0      7C0       2A         0
                text38                               1E       1E      11C         0
                text37                              6B0      6B0       32         0
                text36                              6E2      6E2       30         0
                text35                              864      864       16         0
                text34                              810      810       20         0
                text33                              908      908        6         0
                text32                              796      796       2A         0
                text31                              91A      91A        2         0
                text30                              918      918        2         0
                text29                              13A      13A      112         0
                text28                              24C      24C       A2         0
                text27                              67E      67E       32         0
                text26                              5D4      5D4       3E         0
                text25                              2EE      2EE       9E         0
                text24                              4D0      4D0       66         0
                text23                              84C      84C       18         0
                text22                              830      830       1C         0
                text21                              740      740       2C         0
                text20                              8F8      8F8        A         0
                text19                              8EE      8EE        A         0
                text18                              3FE      3FE       6A         0
                text17                              8E4      8E4        A         0
                text16                              8DA      8DA        A         0
                text15                              8D0      8D0        A         0
                text14                              612      612       3A         0
                text13                              468      468       68         0
                text12                              89A      89A        E         0
                text11                              8C6      8C6        A         0
                text10                              7EA      7EA       26         0
                text9                               8BC      8BC        A         0
                text8                               8B2      8B2        A         0
                text7                               586      586       4E         0
                text6                               8A8      8A8        A         0
                text5                               76C      76C       2A         0
                text4                               712      712       2E         0
                text3                               902      902        6         0
                text2                               88A      88A       10         0
                text1                               64C      64C       32         0
                text0                               536      536       50         0
                cinit                               38C      38C       72         0
                idataBANK5                          87A      87A       10         0
                idataCOMRAM                         914      914        4         0

        CLASS   CONST          

        CLASS   SMALLCONST     

        CLASS   MEDIUMCONST    
                mediumconst                        7DB8     7DB8      248         0

        CLASS   COMRAM         
                cstackCOMRAM                        545      545        C         1
                dataCOMRAM                          555      555        4         1
                bssCOMRAM                           501      501       44         1
                nvCOMRAM                            551      551        4         1

        CLASS   ABS1           

        CLASS   BIGRAM         

        CLASS   RAM            

        CLASS   BANK5          
                cstackBANK5                         588      588        4         1
                dataBANK5                           572      572       10         1
                bssBANK5                            582      582        6         1
                nvBANK5                             560      560       12         1

        CLASS   BANK6          

        CLASS   BANK7          

        CLASS   BANK8          

        CLASS   BANK9          

        CLASS   BANK10         

        CLASS   BANK11         

        CLASS   BANK12         

        CLASS   SFR            

        CLASS   BIGSFR         

        CLASS   CONFIG         
                config                           300000   300000        9         4

        CLASS   IDLOC          

        CLASS   EEDATA         

        CLASS   FARRAM         

        CLASS   HEAP           

        CLASS   STACK          



SEGMENTS        Name                           Load    Length   Top    Selector   Space  Class

                reset_vec                      000000  000004  000004         0       0  CODE    
                ivt0x8                         000008  000914  00091C         4       0  CODE    
                bssCOMRAM                      000501  000058  000559       501       1  COMRAM  
                nvBANK5                        000560  00002C  00058C       560       1  BANK5   
                mediumconst                    007DB8  000248  008000      3EDC       0  MEDIUMCO


UNUSED ADDRESS RANGES

        Name                Unused          Largest block    Delta
        BANK10           000A00-000AFF              100
        BANK11           000B00-000BFF              100
        BANK12           000C00-000CFF              100
        BANK5            00058C-0005FF               74
        BANK6            000600-0006FF              100
        BANK7            000700-0007FF              100
        BANK8            000800-0008FF              100
        BANK9            000900-0009FF              100
        BIGRAM           000559-00055F                7
                         00058C-000CFF              774
        BIGSFR           000000-0004FF              500
                         000D00-000DFF              100
        CODE             000004-000007                4
                         00091C-007DB7             749C
        COMRAM           000559-00055F                7
        CONFIG           300009-300011                9
        CONST            000004-000007                4
                         00091C-007DB7             749C
        EEDATA           380000-3801FF              200
        IDLOC            200000-20003F               40
        MEDIUMCONST      000D00-007DB7             70B8
        RAM              00058C-000CFF              100
        SFR              000000-0004FF              100
                         000D00-000DFF              100
        SMALLCONST       000D00-007DB7              100

                                  Symbol Table

ADCC_StartConversion@channel                   cstackCOMRAM 000545
CCP1_LoadDutyValue@dutyValue                   cstackCOMRAM 000545
DMA1_DCNTIInterruptHandlerSet@InterruptHandler cstackBANK5  000588
DMA1_DefaultInterruptHandler@ADC_result        cstackCOMRAM 000549
DMA1_SCNTIInterruptHandlerSet@InterruptHandler cstackBANK5  000588
INT0_SetInterruptHandler@InterruptHandler      cstackBANK5  000588
INT1_SetInterruptHandler@InterruptHandler      cstackBANK5  000588
INT2_SetInterruptHandler@InterruptHandler      cstackBANK5  000588
INTSTAT_ADDR                                   (abs)        0000D7
IVTBASEH                                       (abs)        00045E
IVTBASEL                                       (abs)        00045D
IVTBASEU                                       (abs)        00045F
TMR0_OverflowCallbackRegister@CallbackHandler  cstackBANK5  000588
TMR1_GateCallbackRegister@CallbackHandler      cstackBANK5  000588
TMR1_OverflowCallbackRegister@CallbackHandler  cstackBANK5  000588
TMR1_Write@timerVal                            cstackBANK5  000588
TMR2_OverflowCallbackRegister@InterruptHandler cstackBANK5  000588
TMR3_Write@timerVal                            cstackCOMRAM 000545
_ACTCON                                        (abs)        0000AC
_ADACCH                                        (abs)        0003E4
_ADACCL                                        (abs)        0003E3
_ADACCU                                        (abs)        0003E5
_ADACQH                                        (abs)        0003EF
_ADACQL                                        (abs)        0003EE
_ADACT                                         (abs)        0003F9
_ADCAP                                         (abs)        0003F0
_ADCC_Initialize                               text24       0004D0
_ADCC_IsConversionDone                         text35       000864
_ADCC_StartConversion                          text34       000810
_ADCLK                                         (abs)        0003FA
_ADCNT                                         (abs)        0003E6
_ADCON0                                        (abs)        0003F3
_ADCON0bits                                    (abs)        0003F3
_ADCON1                                        (abs)        0003F4
_ADCON1bits                                    (abs)        0003F4
_ADCON2                                        (abs)        0003F5
_ADCON2bits                                    (abs)        0003F5
_ADCON3                                        (abs)        0003F6
_ADCON3bits                                    (abs)        0003F6
_ADCPbits                                      (abs)        0003D8
_ADC_result                                    bssCOMRAM    00052B
_ADC_type_flag                                 bssCOMRAM    00052F
_ADERRH                                        (abs)        0003DE
_ADERRL                                        (abs)        0003DD
_ADFLTRH                                       (abs)        0003E2
_ADFLTRL                                       (abs)        0003E1
_ADLTHH                                        (abs)        0003DA
_ADLTHL                                        (abs)        0003D9
_ADPCH                                         (abs)        0003EC
_ADPREH                                        (abs)        0003F2
_ADPREL                                        (abs)        0003F1
_ADPREVH                                       (abs)        0003E9
_ADPREVL                                       (abs)        0003E8
_ADREF                                         (abs)        0003F8
_ADRESH                                        (abs)        0003EB
_ADRESL                                        (abs)        0003EA
_ADRPT                                         (abs)        0003E7
_ADSTAT                                        (abs)        0003F7
_ADSTATbits                                    (abs)        0003F7
_ADSTPTH                                       (abs)        0003E0
_ADSTPTL                                       (abs)        0003DF
_ADUTHH                                        (abs)        0003DC
_ADUTHL                                        (abs)        0003DB
_ANSELA                                        (abs)        000400
_ANSELC                                        (abs)        000410
_CCP1CON                                       (abs)        000342
_CCP1CONbits                                   (abs)        000342
_CCP1PPS                                       (abs)        00024F
_CCP1_Initialize                               text23       00084C
_CCP1_LoadDutyValue                            text36       0006E2
_CCPR1H                                        (abs)        000341
_CCPR1L                                        (abs)        000340
_CCPTMRS0bits                                  (abs)        00034C
_CLOCK_Initialize                              text22       000830
_CPU_Initialize                                text21       000740
_DMA1PR                                        (abs)        0000B6
_DMA1_DCNTIInterruptHandlerSet                 text20       0008F8
_DMA1_DCNTI_InterruptHandler                   nvBANK5      00056E
_DMA1_DMADCNTI_ISR                             text37       0006B0
_DMA1_DefaultInterruptHandler                  text38       00001E
_DMA1_Initialize                               text18       0003FE
_DMA1_SCNTIInterruptHandlerSet                 text19       0008EE
_DMA1_SCNTI_InterruptHandler                   nvBANK5      000570
_DMA2PR                                        (abs)        0000B7
_DMA3PR                                        (abs)        0000B8
_DMA4PR                                        (abs)        0000B9
_DMASELECT                                     (abs)        0000E8
_DMAnAIRQ                                      (abs)        0000FE
_DMAnCON0                                      (abs)        0000FC
_DMAnCON0bits                                  (abs)        0000FC
_DMAnCON1                                      (abs)        0000FD
_DMAnCON1bits                                  (abs)        0000FD
_DMAnDCNT                                      (abs)        0000EA
_DMAnDPTR                                      (abs)        0000EC
_DMAnDSA                                       (abs)        0000F0
_DMAnDSZ                                       (abs)        0000EE
_DMAnSCNT                                      (abs)        0000F2
_DMAnSIRQ                                      (abs)        0000FF
_DMAnSPTR                                      (abs)        0000F4
_DMAnSSA                                       (abs)        0000F9
_DMAnSSZ                                       (abs)        0000F7
_DONT_CARE                                     mediumconst  007FF8
_INLVLA                                        (abs)        000404
_INLVLC                                        (abs)        000414
_INT0_DefaultInterruptHandler                  (abs)        000000
_INT0_InterruptHandler                         nvBANK5      00056C
_INT0_SetInterruptHandler                      text17       0008E4
_INT1_DefaultInterruptHandler                  (abs)        000000
_INT1_InterruptHandler                         nvBANK5      00056A
_INT1_SetInterruptHandler                      text16       0008DA
_INT2_DefaultInterruptHandler                  (abs)        000000
_INT2_InterruptHandler                         nvBANK5      000568
_INT2_SetInterruptHandler                      text15       0008D0
_INTCON0bits                                   (abs)        0004D6
_INTERRUPT_Initialize                          text14       000612
_INTERRUPT_InterruptManager                    text25       0002EE
_IOCAF                                         (abs)        000407
_IOCAN                                         (abs)        000406
_IOCAP                                         (abs)        000405
_IOCCF                                         (abs)        000417
_IOCCN                                         (abs)        000416
_IOCCP                                         (abs)        000415
_ISRPR                                         (abs)        0000BF
_LATA                                          (abs)        0004BE
_LATC                                          (abs)        0004C0
_LATC5                                         (abs)        002605
_MAINPR                                        (abs)        0000BE
_NEGATIVE                                      mediumconst  007FFD
_NO                                            mediumconst  007FF6
_ODCONA                                        (abs)        000402
_ODCONC                                        (abs)        000412
_OSCCON1                                       (abs)        0000AD
_OSCCON3                                       (abs)        0000AF
_OSCEN                                         (abs)        0000B3
_OSCFRQ                                        (abs)        0000B1
_OSCTUNE                                       (abs)        0000B0
_PIE1bits                                      (abs)        0004A9
_PIE2bits                                      (abs)        0004AA
_PIE3bits                                      (abs)        0004AB
_PIN_MANAGER_Initialize                        text13       000468
_PIR10bits                                     (abs)        0004BD
_PIR1bits                                      (abs)        0004B4
_PIR2bits                                      (abs)        0004B5
_PIR3bits                                      (abs)        0004B6
_PIR4bits                                      (abs)        0004B7
_PIR6bits                                      (abs)        0004B9
_POSITIVE                                      mediumconst  007FFE
_PR2                                           (abs)        00031D
_PRLOCK                                        (abs)        0000B4
_PRLOCKbits                                    (abs)        0000B4
_PRODH                                         (abs)        0004F4
_PRODL                                         (abs)        0004F3
_RA2PPS                                        (abs)        000203
_RC0I2C                                        (abs)        000289
_RC1I2C                                        (abs)        000288
_SCANPR                                        (abs)        0000B5
_SLRCONA                                       (abs)        000403
_SLRCONC                                       (abs)        000413
_SYSTEM_Initialize                             text4        000712
_SystemArbiter_Initialize                      text12       00089A
_T0CON0                                        (abs)        00031A
_T0CON0bits                                    (abs)        00031A
_T0CON1                                        (abs)        00031B
_T0CON1bits                                    (abs)        00031B
_T1CLK                                         (abs)        000317
_T1CON                                         (abs)        000314
_T1CONbits                                     (abs)        000314
_T1GATE                                        (abs)        000316
_T1GCON                                        (abs)        000315
_T1GCONbits                                    (abs)        000315
_T2CLKCON                                      (abs)        000320
_T2CON                                         (abs)        00031E
_T2CONbits                                     (abs)        00031E
_T2HLT                                         (abs)        00031F
_T2HLTbits                                     (abs)        00031F
_T2PR                                          (abs)        00031D
_T2RST                                         (abs)        000321
_T2RSTbits                                     (abs)        000321
_T2TMR                                         (abs)        00031C
_T3CLK                                         (abs)        000328
_T3CON                                         (abs)        000325
_T3CONbits                                     (abs)        000325
_T3GATE                                        (abs)        000327
_T3GCON                                        (abs)        000326
_T3GCONbits                                    (abs)        000326
_TMR0H                                         (abs)        000319
_TMR0IF                                        (abs)        0025B7
_TMR0L                                         (abs)        000318
_TMR0_DefaultOverflowCallback                  text29       00013A
_TMR0_Initialize                               text10       0007EA
_TMR0_OverflowCallback                         nvBANK5      000564
_TMR0_OverflowCallbackRegister                 text11       0008C6
_TMR0_OverflowISR                              text27       00067E
_TMR0_Reload                                   (abs)        000000
_TMR0_Start                                    text3        000902
_TMR0_Stop                                     (abs)        000000
_TMR0_base_prescaler_bits_index                bssCOMRAM    000535
_TMR0_prescaler_adjust                         bssCOMRAM    000536
_TMR0_prescaler_bits                           mediumconst  007FED
_TMR0_prescaler_final_index                    bssCOMRAM    000530
_TMR0_prescaler_overflow_flag                  bssCOMRAM    000531
_TMR1H                                         (abs)        000313
_TMR1L                                         (abs)        000312
_TMR1_DefaultGateCallback                      (abs)        000000
_TMR1_DefaultOverflowCallback                  text28       00024C
_TMR1_GateCallback                             nvBANK5      000560
_TMR1_GateCallbackRegister                     text9        0008BC
_TMR1_Initialize                               text7        000586
_TMR1_InterruptHandler                         bssCOMRAM    000521
_TMR1_OverflowCallback                         nvBANK5      000562
_TMR1_OverflowCallbackRegister                 text8        0008B2
_TMR1_OverflowISR                              text26       0005D4
_TMR1_PeriodCountSet                           (abs)        000000
_TMR1_Start                                    text2        00088A
_TMR1_Start$intlevel0                          text2        000894
_TMR1_Stop                                     (abs)        000000
_TMR1_Write                                    text1        00064C
_TMR2                                          (abs)        00031C
_TMR2_DefaultOverflowCallback                  text30       000918
_TMR2_Initialize                               text5        00076C
_TMR2_OverflowCallback                         nvBANK5      000566
_TMR2_OverflowCallbackRegister                 text6        0008A8
_TMR2_PeriodCountSet                           (abs)        000000
_TMR2_Start                                    (abs)        000000
_TMR2_Stop                                     (abs)        000000
_TMR3H                                         (abs)        000324
_TMR3L                                         (abs)        000323
_TMR3_DefaultGateCallback                      (abs)        000000
_TMR3_DefaultOverflowCallback                  text31       00091A
_TMR3_GateCallback                             bssCOMRAM    00051B
_TMR3_Initialize                               (abs)        000000
_TMR3_InterruptHandler                         bssBANK5     000586
_TMR3_OverflowCallback                         bssCOMRAM    00051D
_TMR3_OverflowCallbackRegister                 (abs)        000000
_TMR3_Start                                    text33       000908
_TMR3_Stop                                     (abs)        000000
_TMR3_Tasks                                    (abs)        000000
_TMR3_Write                                    text32       000796
_TRISA                                         (abs)        0004C6
_TRISC                                         (abs)        0004C8
_Timer0                                        mediumconst  007FD5
_Timer1                                        mediumconst  007FC9
_Timer2                                        mediumconst  007FE1
_Timer3                                        mediumconst  007FBD
_WPUA                                          (abs)        000401
_WPUC                                          (abs)        000411
_YES                                           mediumconst  007FF7
__HRAM                                         (abs)        000000
__H__absolute__                                __absolute__ 000000
__Habs1                                        abs1         000000
__Hbank10                                      bank10       000000
__Hbank11                                      bank11       000000
__Hbank12                                      bank12       000000
__Hbank5                                       bank5        000000
__Hbank6                                       bank6        000000
__Hbank7                                       bank7        000000
__Hbank8                                       bank8        000000
__Hbank9                                       bank9        000000
__Hbigbss                                      bigbss       000000
__Hbigdata                                     bigdata      000000
__Hbigram                                      bigram       000000
__Hbigsfr                                      bigsfr       000000
__Hbss                                         bss          000000
__HbssBANK5                                    bssBANK5     000000
__HbssCOMRAM                                   bssCOMRAM    000000
__Hcinit                                       cinit        000000
__Hclrtext                                     clrtext      000000
__Hcomram                                      comram       000000
__Hconfig                                      config       300009
__Hconst                                       const        000000
__HcstackBANK5                                 cstackBANK5  000000
__HcstackCOMRAM                                cstackCOMRAM 000000
__Hdata                                        data         000000
__HdataBANK5                                   dataBANK5    000000
__HdataCOMRAM                                  dataCOMRAM   000000
__Heeprom_data                                 eeprom_data  000000
__Hfarbss                                      farbss       000000
__Hfardata                                     fardata      000000
__Hheap                                        heap         000000
__Hibigdata                                    ibigdata     000000
__Hidata                                       idata        000000
__HidataBANK5                                  idataBANK5   000000
__HidataCOMRAM                                 idataCOMRAM  000000
__Hidloc                                       idloc        000000
__Hifardata                                    ifardata     000000
__Hinit                                        init         00001E
__Hintsave_regs                                intsave_regs 000000
__Hirdata                                      irdata       000000
__Hivt0x8                                      ivt0x8       00001A
__Hmediumconst                                 mediumconst  008000
__HnvBANK5                                     nvBANK5      000000
__HnvCOMRAM                                    nvCOMRAM     000000
__HnvFARRAM                                    nvFARRAM     000000
__Hnvbit                                       nvbit        000000
__Hnvrram                                      nvrram       000000
__Hparam                                       rparam       000000
__Hpowerup                                     powerup      000000
__Hram                                         ram          000000
__Hramtop                                      ramtop       000D00
__Hrbit                                        rbit         000000
__Hrbss                                        rbss         000000
__Hrdata                                       rdata        000000
__Hreset_vec                                   reset_vec    000004
__Hrparam                                      rparam       000000
__Hsfr                                         sfr          000000
__Hsmallconst                                  smallconst   000000
__Hspace_0                                     (abs)        008000
__Hspace_1                                     (abs)        00058C
__Hspace_2                                     (abs)        000000
__Hspace_4                                     (abs)        600009
__Hstack                                       stack        000000
__Hstruct                                      struct       000000
__Htemp                                        temp         000000
__Htext                                        text         000000
__Htext0                                       text0        000000
__Htext1                                       text1        000000
__Htext10                                      text10       000000
__Htext11                                      text11       000000
__Htext12                                      text12       000000
__Htext13                                      text13       000000
__Htext14                                      text14       000000
__Htext15                                      text15       000000
__Htext16                                      text16       000000
__Htext17                                      text17       000000
__Htext18                                      text18       000000
__Htext19                                      text19       000000
__Htext2                                       text2        000000
__Htext20                                      text20       000000
__Htext21                                      text21       000000
__Htext22                                      text22       000000
__Htext23                                      text23       000000
__Htext24                                      text24       000000
__Htext25                                      text25       000000
__Htext26                                      text26       000000
__Htext27                                      text27       000000
__Htext28                                      text28       000000
__Htext29                                      text29       000000
__Htext3                                       text3        000000
__Htext30                                      text30       000000
__Htext31                                      text31       000000
__Htext32                                      text32       000000
__Htext33                                      text33       000000
__Htext34                                      text34       000000
__Htext35                                      text35       000000
__Htext36                                      text36       000000
__Htext37                                      text37       000000
__Htext38                                      text38       000000
__Htext39                                      text39       000000
__Htext4                                       text4        000000
__Htext40                                      text40       000000
__Htext5                                       text5        000000
__Htext6                                       text6        000000
__Htext7                                       text7        000000
__Htext8                                       text8        000000
__Htext9                                       text9        000000
__LRAM                                         (abs)        000001
__L__absolute__                                __absolute__ 000000
__Labs1                                        abs1         000000
__Lbank10                                      bank10       000000
__Lbank11                                      bank11       000000
__Lbank12                                      bank12       000000
__Lbank5                                       bank5        000000
__Lbank6                                       bank6        000000
__Lbank7                                       bank7        000000
__Lbank8                                       bank8        000000
__Lbank9                                       bank9        000000
__Lbigbss                                      bigbss       000000
__Lbigdata                                     bigdata      000000
__Lbigram                                      bigram       000000
__Lbigsfr                                      bigsfr       000000
__Lbss                                         bss          000000
__LbssBANK5                                    bssBANK5     000000
__LbssCOMRAM                                   bssCOMRAM    000000
__Lcinit                                       cinit        000000
__Lclrtext                                     clrtext      000000
__Lcomram                                      comram       000000
__Lconfig                                      config       000000
__Lconst                                       const        000000
__LcstackBANK5                                 cstackBANK5  000000
__LcstackCOMRAM                                cstackCOMRAM 000000
__Ldata                                        data         000000
__LdataBANK5                                   dataBANK5    000000
__LdataCOMRAM                                  dataCOMRAM   000000
__Leeprom_data                                 eeprom_data  000000
__Lfarbss                                      farbss       000000
__Lfardata                                     fardata      000000
__Lheap                                        heap         000000
__Libigdata                                    ibigdata     000000
__Lidata                                       idata        000000
__LidataBANK5                                  idataBANK5   000000
__LidataCOMRAM                                 idataCOMRAM  000000
__Lidloc                                       idloc        000000
__Lifardata                                    ifardata     000000
__Linit                                        init         00001A
__Lintsave_regs                                intsave_regs 000000
__Lirdata                                      irdata       000000
__Livt0x8                                      ivt0x8       000008
__Lmediumconst                                 mediumconst  007DB8
__LnvBANK5                                     nvBANK5      000000
__LnvCOMRAM                                    nvCOMRAM     000000
__LnvFARRAM                                    nvFARRAM     000000
__Lnvbit                                       nvbit        000000
__Lnvrram                                      nvrram       000000
__Lparam                                       rparam       000000
__Lpowerup                                     powerup      000000
__Lram                                         ram          000000
__Lramtop                                      ramtop       000D00
__Lrbit                                        rbit         000000
__Lrbss                                        rbss         000000
__Lrdata                                       rdata        000000
__Lreset_vec                                   reset_vec    000000
__Lrparam                                      rparam       000000
__Lsfr                                         sfr          000000
__Lsmallconst                                  smallconst   000000
__Lspace_0                                     (abs)        000000
__Lspace_1                                     (abs)        000000
__Lspace_2                                     (abs)        000000
__Lspace_4                                     (abs)        000000
__Lstack                                       stack        000000
__Lstruct                                      struct       000000
__Ltemp                                        temp         000000
__Ltext                                        text         000000
__Ltext0                                       text0        000000
__Ltext1                                       text1        000000
__Ltext10                                      text10       000000
__Ltext11                                      text11       000000
__Ltext12                                      text12       000000
__Ltext13                                      text13       000000
__Ltext14                                      text14       000000
__Ltext15                                      text15       000000
__Ltext16                                      text16       000000
__Ltext17                                      text17       000000
__Ltext18                                      text18       000000
__Ltext19                                      text19       000000
__Ltext2                                       text2        000000
__Ltext20                                      text20       000000
__Ltext21                                      text21       000000
__Ltext22                                      text22       000000
__Ltext23                                      text23       000000
__Ltext24                                      text24       000000
__Ltext25                                      text25       000000
__Ltext26                                      text26       000000
__Ltext27                                      text27       000000
__Ltext28                                      text28       000000
__Ltext29                                      text29       000000
__Ltext3                                       text3        000000
__Ltext30                                      text30       000000
__Ltext31                                      text31       000000
__Ltext32                                      text32       000000
__Ltext33                                      text33       000000
__Ltext34                                      text34       000000
__Ltext35                                      text35       000000
__Ltext36                                      text36       000000
__Ltext37                                      text37       000000
__Ltext38                                      text38       000000
__Ltext39                                      text39       000000
__Ltext4                                       text4        000000
__Ltext40                                      text40       000000
__Ltext5                                       text5        000000
__Ltext6                                       text6        000000
__Ltext7                                       text7        000000
__Ltext8                                       text8        000000
__Ltext9                                       text9        000000
__S0                                           (abs)        008000
__S1                                           (abs)        00058C
__S4                                           (abs)        000000
__S5                                           (abs)        000000
___heap_hi                                     (abs)        000000
___heap_lo                                     (abs)        000000
___inthi_sp                                    stack        000000
___inthi_stack_hi                              stack        000000
___inthi_stack_lo                              stack        000000
___intlo_sp                                    stack        000000
___intlo_stack_hi                              stack        000000
___intlo_stack_lo                              stack        000000
___param_bank                                  (abs)        000000
___rparam_used                                 (abs)        000001
___sp                                          stack        000000
___stack_hi                                    stack        000000
___stack_lo                                    stack        000000
__accesstop                                    (abs)        000560
__activetblptr                                 (abs)        000002
__end_of_ADCC_Initialize                       text24       000536
__end_of_ADCC_IsConversionDone                 text35       00087A
__end_of_ADCC_StartConversion                  text34       000830
__end_of_CCP1_Initialize                       text23       000864
__end_of_CCP1_LoadDutyValue                    text36       000712
__end_of_CLOCK_Initialize                      text22       00084C
__end_of_CPU_Initialize                        text21       00076C
__end_of_DIVIDE_BY_FOUR                        mediumconst  007FFA
__end_of_DIVIDE_BY_TWO                         mediumconst  007FFC
__end_of_DMA1_DCNTIInterruptHandlerSet         text20       000902
__end_of_DMA1_DMADCNTI_ISR                     text37       0006E2
__end_of_DMA1_DefaultInterruptHandler          text38       00013A
__end_of_DMA1_Initialize                       text18       000468
__end_of_DMA1_SCNTIInterruptHandlerSet         text19       0008F8
__end_of_DONT_CARE                             mediumconst  007FF9
__end_of_DO_NOTHING                            mediumconst  007FFD
__end_of_INT0_SetInterruptHandler              text17       0008EE
__end_of_INT1_SetInterruptHandler              text16       0008E4
__end_of_INT2_SetInterruptHandler              text15       0008DA
__end_of_INTERRUPT_Initialize                  text14       00064C
__end_of_INTERRUPT_InterruptManager            text25       00038C
__end_of_MULTIPLY_BY_TWO                       mediumconst  007FFB
__end_of_NEGATIVE                              mediumconst  007FFE
__end_of_NO                                    mediumconst  007FF7
__end_of_PIN_MANAGER_Initialize                text13       0004D0
__end_of_POSITIVE                              mediumconst  007FFF
__end_of_SYSTEM_Initialize                     text4        000740
__end_of_SystemArbiter_Initialize              text12       0008A8
__end_of_TMR0_DefaultOverflowCallback          text29       00024C
__end_of_TMR0_Initialize                       text10       000810
__end_of_TMR0_OverflowCallbackRegister         text11       0008D0
__end_of_TMR0_OverflowISR                      text27       0006B0
__end_of_TMR0_Start                            text3        000908
__end_of_TMR0_prescaler_bits                   mediumconst  007FF6
__end_of_TMR1_DefaultOverflowCallback          text28       0002EE
__end_of_TMR1_GateCallbackRegister             text9        0008C6
__end_of_TMR1_Initialize                       text7        0005D4
__end_of_TMR1_OverflowCallbackRegister         text8        0008BC
__end_of_TMR1_OverflowISR                      text26       000612
__end_of_TMR1_Start                            text2        00089A
__end_of_TMR1_Write                            text1        00067E
__end_of_TMR2_DefaultOverflowCallback          text30       00091A
__end_of_TMR2_Initialize                       text5        000796
__end_of_TMR2_OverflowCallbackRegister         text6        0008B2
__end_of_TMR3_DefaultOverflowCallback          text31       00091C
__end_of_TMR3_Start                            text33       00090E
__end_of_TMR3_Write                            text32       0007C0
__end_of_Timer0                                mediumconst  007FE1
__end_of_Timer1                                mediumconst  007FD5
__end_of_Timer2                                mediumconst  007FED
__end_of_Timer3                                mediumconst  007FC9
__end_of_YES                                   mediumconst  007FF8
__end_of__initialization                       cinit        0003F4
__end_of_main                                  text0        000586
__end_of_sine_table_one_quadrant               mediumconst  007FBD
__end_of_tri_table_one_quadrant                mediumconst  007EBB
__end_ofi2_TMR1_Start                          text40       000914
__end_ofi2_TMR1_Write                          text39       0007EA
__initialization                               cinit        00038C
__mediumconst                                  mediumconst  007DB8
__pbssBANK5                                    bssBANK5     000582
__pbssCOMRAM                                   bssCOMRAM    000501
__pcinit                                       cinit        00038C
__pcstackBANK5                                 cstackBANK5  000588
__pcstackCOMRAM                                cstackCOMRAM 000545
__pdataBANK5                                   dataBANK5    000572
__pdataCOMRAM                                  dataCOMRAM   000555
__pidataBANK5                                  idataBANK5   00087A
__pidataCOMRAM                                 idataCOMRAM  000914
__pivt0x8                                      ivt0x8       000008
__pmediumconst                                 mediumconst  007DB8
__pnvBANK5                                     nvBANK5      000560
__pnvCOMRAM                                    nvCOMRAM     000551
__ptext0                                       text0        000536
__ptext1                                       text1        00064C
__ptext10                                      text10       0007EA
__ptext11                                      text11       0008C6
__ptext12                                      text12       00089A
__ptext13                                      text13       000468
__ptext14                                      text14       000612
__ptext15                                      text15       0008D0
__ptext16                                      text16       0008DA
__ptext17                                      text17       0008E4
__ptext18                                      text18       0003FE
__ptext19                                      text19       0008EE
__ptext2                                       text2        00088A
__ptext20                                      text20       0008F8
__ptext21                                      text21       000740
__ptext22                                      text22       000830
__ptext23                                      text23       00084C
__ptext24                                      text24       0004D0
__ptext25                                      text25       0002EE
__ptext26                                      text26       0005D4
__ptext27                                      text27       00067E
__ptext28                                      text28       00024C
__ptext29                                      text29       00013A
__ptext3                                       text3        000902
__ptext30                                      text30       000918
__ptext31                                      text31       00091A
__ptext32                                      text32       000796
__ptext33                                      text33       000908
__ptext34                                      text34       000810
__ptext35                                      text35       000864
__ptext36                                      text36       0006E2
__ptext37                                      text37       0006B0
__ptext38                                      text38       00001E
__ptext39                                      text39       0007C0
__ptext4                                       text4        000712
__ptext40                                      text40       00090E
__ptext5                                       text5        00076C
__ptext6                                       text6        0008A8
__ptext7                                       text7        000586
__ptext8                                       text8        0008B2
__ptext9                                       text9        0008BC
__ramtop                                       ramtop       000D00
__smallconst                                   smallconst   000000
_adcc_type_array                               dataBANK5    00057A
_adres                                         bssCOMRAM    000543
_current_adcc_type_ptr                         nvCOMRAM     000553
_current_depth                                 bssCOMRAM    000527
_current_depthL                                bssCOMRAM    000538
_current_dma_type_ptr                          nvCOMRAM     000551
_current_halfcycle                             bssCOMRAM    00053F
_current_one_quadrant_index                    bssCOMRAM    000541
_current_quadrant                              bssCOMRAM    000540
_current_speed_linear                          bssCOMRAM    00052D
_current_speed_linear_32                       bssCOMRAM    000509
_current_symmetry                              bssBANK5     000582
_current_waveshape                             bssCOMRAM    000542
_depth_adc_config_value                        dataCOMRAM   000556
_dma_type_array                                dataBANK5    000572
_duty                                          bssCOMRAM    000529
_dutyH                                         bssCOMRAM    000539
_dutyL                                         bssCOMRAM    00053A
_duty_high_byte                                bssCOMRAM    000532
_duty_low_byte                                 bssCOMRAM    000533
_final_TMR0                                    bssCOMRAM    000515
_how_many_128                                  bssCOMRAM    000537
_main                                          text0        000536
_multiply_product                              bssCOMRAM    00050D
_raw_TMR0                                      bssCOMRAM    000505
_res0                                          bssCOMRAM    00053E
_res1                                          bssCOMRAM    00053D
_res2                                          bssCOMRAM    00053C
_res3                                          bssCOMRAM    00053B
_result_of_low_by_high                         bssCOMRAM    000511
_result_of_low_by_low                          bssCOMRAM    000525
_sine_table_one_quadrant                       mediumconst  007EBB
_speed_adc_config_value                        dataCOMRAM   000557
_speed_control                                 bssCOMRAM    000519
_speed_control_32                              bssCOMRAM    000501
_symmetry_adc_config_value                     dataCOMRAM   000555
_symmetry_status                               bssCOMRAM    000534
_timer1ReloadVal                               bssCOMRAM    000523
_timer3ReloadVal                               bssCOMRAM    00051F
_tri_table_one_quadrant                        mediumconst  007DB9
_waveshape_adc_config_value                    dataCOMRAM   000558
end_of_initialization                          cinit        0003F4
i2TMR1_Write@timerVal                          cstackCOMRAM 000545
i2_TMR1_Start                                  text40       00090E
i2_TMR1_Write                                  text39       0007C0
intlevel0                                      text         000000
intlevel1                                      text         000000
intlevel2                                      text         000000
intlevel3                                      text         000000
isa$std                                        (abs)        000001
isa$xinst                                      (abs)        000000
ivt0x8_base                                    ivt0x8       000008
stackhi                                        (abs)        000000
stacklo                                        (abs)        000000
start                                          init         00001A
start_initialization                           cinit        00038C


MODULE INFORMATION

Module		Function		Class		Link	Load	Size
mcc_generated_files/dma/src/dma1.c
		_DMA1_Initialize		CODE           	03FE	0000	106
		_DMA1_DefaultInterruptHandler		CODE           	001E	0000	284
		_DMA1_DCNTIInterruptHandlerSet		CODE           	08F8	0000	10
		_DMA1_DMADCNTI_ISR		CODE           	06B0	0000	50
		_DMA1_SCNTIInterruptHandlerSet		CODE           	08EE	0000	10

mcc_generated_files/dma/src/dma1.c estimated size: 460

mcc_generated_files/timer/src/tmr3.c
		_TMR3_Write    		CODE           	0796	0000	42
		_TMR3_Start    		CODE           	0908	0000	6
		_TMR3_DefaultOverflowCallback		CODE           	091A	0000	2

mcc_generated_files/timer/src/tmr3.c estimated size: 50

mcc_generated_files/timer/src/tmr1.c
		_TMR1_Initialize		CODE           	0586	0000	78
		_TMR1_Write    		CODE           	064C	0000	50
		_TMR1_Start    		CODE           	088A	0000	16
		_TMR1_OverflowCallbackRegister		CODE           	08B2	0000	10
		_TMR1_DefaultOverflowCallback		CODE           	024C	0000	162
		_TMR1_GateCallbackRegister		CODE           	08BC	0000	10
		_TMR1_OverflowISR		CODE           	05D4	0000	62

mcc_generated_files/timer/src/tmr1.c estimated size: 388

mcc_generated_files/system/src/interrupt.c
		_INT0_SetInterruptHandler		CODE           	08E4	0000	10
		_INT1_SetInterruptHandler		CODE           	08DA	0000	10
		_INT2_SetInterruptHandler		CODE           	08D0	0000	10
		_INTERRUPT_Initialize		CODE           	0612	0000	58
		_INTERRUPT_InterruptManager		CODE           	02EE	0000	158

mcc_generated_files/system/src/interrupt.c estimated size: 246

mcc_generated_files/adc/src/adcc.c
		_ADCC_StartConversion		CODE           	0810	0000	32
		_ADCC_Initialize		CODE           	04D0	0000	102
		_ADCC_IsConversionDone		CODE           	0864	0000	22

mcc_generated_files/adc/src/adcc.c estimated size: 156

mcc_generated_files/system/src/pins.c
		_PIN_MANAGER_Initialize		CODE           	0468	0000	104

mcc_generated_files/system/src/pins.c estimated size: 104

shared
		_MULTIPLY_BY_TWO		MEDIUMCONST    	0000	0000	0
		_Timer1        		MEDIUMCONST    	7FC9	0000	12
		_YES           		MEDIUMCONST    	7FF7	0000	1
		_DONT_CARE     		MEDIUMCONST    	7FF8	0000	1
		_POSITIVE      		MEDIUMCONST    	7FFE	0000	1
		_TMR0_prescaler_bits		MEDIUMCONST    	7FED	0000	9
		_DIVIDE_BY_TWO 		MEDIUMCONST    	0000	0000	0
		_DO_NOTHING    		MEDIUMCONST    	0000	0000	0
		i2_TMR1_Write  		CODE           	07C0	0000	42
		i2_TMR1_Start  		CODE           	090E	0000	6
		_DIVIDE_BY_FOUR		MEDIUMCONST    	0000	0000	0
		_Timer2        		MEDIUMCONST    	7FE1	0000	12
		__initialization		CODE           	038C	0000	104
		_NO            		MEDIUMCONST    	7FF6	0000	1
		_tri_table_one_quadrant		MEDIUMCONST    	7DB9	0000	258
		_Timer0        		MEDIUMCONST    	7FD5	0000	12
		_Timer3        		MEDIUMCONST    	7FBD	0000	12
		_NEGATIVE      		MEDIUMCONST    	7FFD	0000	1
		_sine_table_one_quadrant		MEDIUMCONST    	7EBB	0000	258

shared estimated size: 730

mcc_generated_files/timer/src/tmr2.c
		_TMR2_Initialize		CODE           	076C	0000	42
		_TMR2_OverflowCallbackRegister		CODE           	08A8	0000	10
		_TMR2_DefaultOverflowCallback		CODE           	0918	0000	2

mcc_generated_files/timer/src/tmr2.c estimated size: 54

mcc_generated_files/system/src/clock.c
		_CLOCK_Initialize		CODE           	0830	0000	28

mcc_generated_files/system/src/clock.c estimated size: 28

mcc_generated_files/timer/src/tmr0.c
		_TMR0_OverflowCallbackRegister		CODE           	08C6	0000	10
		_TMR0_DefaultOverflowCallback		CODE           	013A	0000	274
		_TMR0_OverflowISR		CODE           	067E	0000	50
		_TMR0_Initialize		CODE           	07EA	0000	38
		_TMR0_Start    		CODE           	0902	0000	6

mcc_generated_files/timer/src/tmr0.c estimated size: 378

mcc_generated_files/pwm/src/ccp1.c
		_CCP1_LoadDutyValue		CODE           	06E2	0000	48
		_CCP1_Initialize		CODE           	084C	0000	24

mcc_generated_files/pwm/src/ccp1.c estimated size: 72

main.c
		_main          		CODE           	0536	0000	80

main.c estimated size: 80

mcc_generated_files/system/src/system.c
		_SystemArbiter_Initialize		CODE           	089A	0000	14
		_CPU_Initialize		CODE           	0740	0000	44
		_SYSTEM_Initialize		CODE           	0712	0000	46

mcc_generated_files/system/src/system.c estimated size: 104

