Microchip MPLAB XC8 Compiler V2.50

Linker command line:

-W-3 --edf=/opt/microchip/xc8/v2.50/pic/dat/20240725155939_en.msgs \
  -pivt0x8=08h -cn \
  -h+dist/default/production/MI-2023-2024-PIC18-WINDOWS.production.sym \
  --cmf=dist/default/production/MI-2023-2024-PIC18-WINDOWS.production.cmf \
  -z -Q18F05Q40 -o/tmp/xcXCAfkoP/driver_tmp_3.o --defsym=__MPLAB_BUILD=1 \
  --fixupoverflow=error \
  -Mdist/default/production/MI-2023-2024-PIC18-WINDOWS.production.map \
  --md=/tmp/xcXCAfkoP/driver_tmp_0.dat -E1 -ver=XC8 Compiler --acfsm=1493 \
  -ACODE=00h-07FFFh -ACONST=00h-07FFFh -ASMALLCONST=0E00h-0EFFhx114 \
  -AMEDIUMCONST=0E00h-07FFFh -ACOMRAM=0501h-055Fh -AABS1=0500h-0CFFh \
  -ABIGRAM=0501h-0CFFh -ARAM=0560h-05FFh,0600h-06FFhx7 -ABANK5=0560h-05FFh \
  -ABANK6=0600h-06FFh -ABANK7=0700h-07FFh -ABANK8=0800h-08FFh \
  -ABANK9=0900h-09FFh -ABANK10=0A00h-0AFFh -ABANK11=0B00h-0BFFh \
  -ABANK12=0C00h-0CFFh -ASFR=00h-0FFhx4,0400h-045Fh,0460h-04FFh,0D00h-0DFFh \
  -ABIGSFR=00h-04FFh,0D00h-0DFFh -ACONFIG=0300000h-0300011h \
  -AIDLOC=0200000h-020003Fh -AEEDATA=0380000h-03801FFh -peeprom_data=EEDATA \
  -preset_vec=00h -ppowerup=CODE,init -pramtop=0E00h \
  -psmallconst=SMALLCONST -pmediumconst=MEDIUMCONST -pconst=CONST \
  -AFARRAM=00h-00h \
  -prdata=COMRAM,nvrram=COMRAM,nvbit=COMRAM,rbss=COMRAM,rbit=COMRAM \
  -pfarbss=FARRAM,fardata=FARRAM,nvFARRAM=FARRAM \
  -pintsave_regs=BIGRAM,bigbss=BIGRAM,bigdata=BIGRAM -pbss=RAM \
  -pidata=CODE,irdata=CODE,ibigdata=CODE,ifardata=CODE -prparam=COMRAM \
  /tmp/xcXCAfkoP/driver_tmp_9.o \
  dist/default/production/MI-2023-2024-PIC18-WINDOWS.production.o 

Object code version is 3.11

Machine type is 18F05Q40



                Name                               Link     Load   Length Selector   Space Scale
/tmp/xcXCAfkoP/driver_tmp_9.o
                config                           300000   300000        9        0       4
                init                                 1A       1A        4        4       0
                reset_vec                             0        0        4        0       0
dist/default/production/MI-2023-2024-PIC18-WINDOWS.production.o
                config                           300000   300000        9        0       4
                mediumconst                        7DC0     7DC0      240     3EE0       0
                ivt0x8                                8        8       12        4       0
                text42                              8D6      8D6        6        4       0
                text41                              776      776       2A        4       0
                text40                               1E       1E      19A        4       0
                text39                              6F2      6F2       30        4       0
                text38                              6C2      6C2       30        4       0
                text37                              854      854        C        4       0
                text36                              8D0      8D0        6        4       0
                text35                              8CA      8CA        6        4       0
                text34                              74C      74C       2A        4       0
                text33                              8DE      8DE        2        4       0
                text32                              8DC      8DC        2        4       0
                text31                              1B8      1B8      10C        4       0
                text30                              5C2      5C2       3A        4       0
                text29                              692      692       30        4       0
                text28                              662      662       30        4       0
                text27                              2C4      2C4       9E        4       0
                text26                              4FA      4FA       44        4       0
                text25                              822      822       14        4       0
                text24                              80C      80C       16        4       0
                text23                              7A0      7A0       26        4       0
                text22                              8BA      8BA        A        4       0
                text21                              3BC      3BC       58        4       0
                text20                              8B0      8B0        A        4       0
                text19                              8A6      8A6        A        4       0
                text18                              89C      89C        A        4       0
                text17                              5FC      5FC       34        4       0
                text16                              46A      46A       4C        4       0
                text15                              846      846        E        4       0
                text14                              892      892        A        4       0
                text13                              7EA      7EA       22        4       0
                text12                              888      888        A        4       0
                text11                              87E      87E        A        4       0
                text10                              580      580       42        4       0
                text9                               874      874        A        4       0
                text8                               7C6      7C6       24        4       0
                text7                               86A      86A        A        4       0
                text6                               860      860        A        4       0
                text5                               53E      53E       42        4       0
                text4                               630      630       32        4       0
                text3                               8C4      8C4        6        4       0
                text2                               836      836       10        4       0
                text1                               722      722       2A        4       0
                text0                               414      414       56        4       0
                cstackCOMRAM                        52F      52F       12      501       1
                dataBANK5                           560      560       5A      560       1
                bssCOMRAM                           501      501       1A      501       1
                cinit                               4B6      4B6       44        4       0
                nvCOMRAM                            51B      51B       14      501       1
                idataBANK5                          362      362       5A        4       0

TOTAL           Name                               Link     Load   Length     Space
        CLASS   CODE           
                init                                 1A       1A        4         0
                reset_vec                             0        0        4         0
                ivt0x8                                8        8       12         0
                text42                              8D6      8D6        6         0
                text41                              776      776       2A         0
                text40                               1E       1E      19A         0
                text39                              6F2      6F2       30         0
                text38                              6C2      6C2       30         0
                text37                              854      854        C         0
                text36                              8D0      8D0        6         0
                text35                              8CA      8CA        6         0
                text34                              74C      74C       2A         0
                text33                              8DE      8DE        2         0
                text32                              8DC      8DC        2         0
                text31                              1B8      1B8      10C         0
                text30                              5C2      5C2       3A         0
                text29                              692      692       30         0
                text28                              662      662       30         0
                text27                              2C4      2C4       9E         0
                text26                              4FA      4FA       44         0
                text25                              822      822       14         0
                text24                              80C      80C       16         0
                text23                              7A0      7A0       26         0
                text22                              8BA      8BA        A         0
                text21                              3BC      3BC       58         0
                text20                              8B0      8B0        A         0
                text19                              8A6      8A6        A         0
                text18                              89C      89C        A         0
                text17                              5FC      5FC       34         0
                text16                              46A      46A       4C         0
                text15                              846      846        E         0
                text14                              892      892        A         0
                text13                              7EA      7EA       22         0
                text12                              888      888        A         0
                text11                              87E      87E        A         0
                text10                              580      580       42         0
                text9                               874      874        A         0
                text8                               7C6      7C6       24         0
                text7                               86A      86A        A         0
                text6                               860      860        A         0
                text5                               53E      53E       42         0
                text4                               630      630       32         0
                text3                               8C4      8C4        6         0
                text2                               836      836       10         0
                text1                               722      722       2A         0
                text0                               414      414       56         0
                cinit                               4B6      4B6       44         0
                idataBANK5                          362      362       5A         0

        CLASS   CONST          

        CLASS   SMALLCONST     

        CLASS   MEDIUMCONST    
                mediumconst                        7DC0     7DC0      240         0

        CLASS   COMRAM         
                cstackCOMRAM                        52F      52F       12         1
                bssCOMRAM                           501      501       1A         1
                nvCOMRAM                            51B      51B       14         1

        CLASS   ABS1           

        CLASS   BIGRAM         

        CLASS   RAM            

        CLASS   BANK5          
                dataBANK5                           560      560       5A         1

        CLASS   BANK6          

        CLASS   BANK7          

        CLASS   BANK8          

        CLASS   BANK9          

        CLASS   BANK10         

        CLASS   BANK11         

        CLASS   BANK12         

        CLASS   SFR            

        CLASS   BIGSFR         

        CLASS   CONFIG         
                config                           300000   300000        9         4

        CLASS   IDLOC          

        CLASS   EEDATA         

        CLASS   FARRAM         

        CLASS   HEAP           

        CLASS   STACK          



SEGMENTS        Name                           Load    Length   Top    Selector   Space  Class

                reset_vec                      000000  000004  000004         0       0  CODE    
                dataBANK5                      000560  00005A  0005BA       560       1  BANK5   
                bssCOMRAM                      000501  000040  000541       501       1  COMRAM  
                mediumconst                    007DC0  000240  008000      3EE0       0  MEDIUMCO
                ivt0x8                         000008  0008D8  0008E0         4       0  CODE    


UNUSED ADDRESS RANGES

        Name                Unused          Largest block    Delta
        BANK10           000A00-000AFF              100
        BANK11           000B00-000BFF              100
        BANK12           000C00-000CFF              100
        BANK5            0005BA-0005FF               46
        BANK6            000600-0006FF              100
        BANK7            000700-0007FF              100
        BANK8            000800-0008FF              100
        BANK9            000900-0009FF              100
        BIGRAM           000541-00055F               1F
                         0005BA-000CFF              746
        BIGSFR           000000-0004FF              500
                         000D00-000DFF              100
        CODE             000004-000007                4
                         0008E0-007DBF             74E0
        COMRAM           000541-00055F               1F
        CONFIG           300009-300011                9
        CONST            000004-000007                4
                         0008E0-007DBF             74E0
        EEDATA           380000-3801FF              200
        IDLOC            200000-20003F               40
        MEDIUMCONST      000E00-007DBF             6FC0
        RAM              0005BA-000CFF              100
        SFR              000000-0004FF              100
                         000D00-000DFF              100
        SMALLCONST       000E00-007DBF              100

                                  Symbol Table

ADCC_StartConversion@channel                   cstackCOMRAM 00052F
CCP1_LoadDutyValue@dutyValue                   cstackCOMRAM 00052F
DMA1_DCNTIInterruptHandlerSet@InterruptHandler cstackCOMRAM 00053D
DMA1_DefaultInterruptHandler@ADC_result        cstackCOMRAM 000535
INT0_SetInterruptHandler@InterruptHandler      cstackCOMRAM 00053D
INT1_SetInterruptHandler@InterruptHandler      cstackCOMRAM 00053D
INT2_SetInterruptHandler@InterruptHandler      cstackCOMRAM 00053D
INTSTAT_ADDR                                   (abs)        0000D7
IVTBASEH                                       (abs)        00045E
IVTBASEL                                       (abs)        00045D
IVTBASEU                                       (abs)        00045F
TMR0_OverflowCallbackRegister@CallbackHandler  cstackCOMRAM 00053D
TMR1_GateCallbackRegister@CallbackHandler      cstackCOMRAM 00053D
TMR1_OverflowCallbackRegister@CallbackHandler  cstackCOMRAM 00053D
TMR1_Write@timerVal                            cstackCOMRAM 00053D
TMR2_OverflowCallbackRegister@InterruptHandler cstackCOMRAM 00053D
TMR3_GateCallbackRegister@CallbackHandler      cstackCOMRAM 00053D
TMR3_OverflowCallbackRegister@CallbackHandler  cstackCOMRAM 00053D
TMR3_Write@timerVal                            cstackCOMRAM 00052F
_ACTCON                                        (abs)        0000AC
_ADACCH                                        (abs)        0003E4
_ADACCL                                        (abs)        0003E3
_ADACCU                                        (abs)        0003E5
_ADACQH                                        (abs)        0003EF
_ADACQL                                        (abs)        0003EE
_ADACT                                         (abs)        0003F9
_ADCAP                                         (abs)        0003F0
_ADCC_Initialize                               text26       0004FA
_ADCC_StartConversion                          text37       000854
_ADCLK                                         (abs)        0003FA
_ADCNT                                         (abs)        0003E6
_ADCON0                                        (abs)        0003F3
_ADCON0bits                                    (abs)        0003F3
_ADCON1                                        (abs)        0003F4
_ADCON1bits                                    (abs)        0003F4
_ADCON2                                        (abs)        0003F5
_ADCON2bits                                    (abs)        0003F5
_ADCON3                                        (abs)        0003F6
_ADCON3bits                                    (abs)        0003F6
_ADERRH                                        (abs)        0003DE
_ADERRL                                        (abs)        0003DD
_ADFLTRH                                       (abs)        0003E2
_ADFLTRL                                       (abs)        0003E1
_ADLTHH                                        (abs)        0003DA
_ADLTHL                                        (abs)        0003D9
_ADPCH                                         (abs)        0003EC
_ADPREH                                        (abs)        0003F2
_ADPREL                                        (abs)        0003F1
_ADPREVH                                       (abs)        0003E9
_ADPREVL                                       (abs)        0003E8
_ADREF                                         (abs)        0003F8
_ADRESH                                        (abs)        0003EB
_ADRESL                                        (abs)        0003EA
_ADRPT                                         (abs)        0003E7
_ADSTAT                                        (abs)        0003F7
_ADSTATbits                                    (abs)        0003F7
_ADSTPTH                                       (abs)        0003E0
_ADSTPTL                                       (abs)        0003DF
_ADUTHH                                        (abs)        0003DC
_ADUTHL                                        (abs)        0003DB
_ANSELA                                        (abs)        000400
_ANSELC                                        (abs)        000410
_CCP1CON                                       (abs)        000342
_CCP1CONbits                                   (abs)        000342
_CCP1PPS                                       (abs)        00024F
_CCP1_Initialize                               text25       000822
_CCP1_LoadDutyValue                            text38       0006C2
_CCPR1H                                        (abs)        000341
_CCPR1L                                        (abs)        000340
_CCPTMRS0bits                                  (abs)        00034C
_CLOCK_Initialize                              text24       00080C
_CPU_Initialize                                text23       0007A0
_DMA1PR                                        (abs)        0000B6
_DMA1_DCNTIInterruptHandlerSet                 text22       0008BA
_DMA1_DCNTI_InterruptHandler                   nvCOMRAM     00052D
_DMA1_DMADCNTI_ISR                             text39       0006F2
_DMA1_DefaultInterruptHandler                  text40       00001E
_DMA1_Initialize                               text21       0003BC
_DMA1_SCNTI_InterruptHandler                   bssCOMRAM    000517
_DMA2PR                                        (abs)        0000B7
_DMA3PR                                        (abs)        0000B8
_DMA4PR                                        (abs)        0000B9
_DMASELECT                                     (abs)        0000E8
_DMAnAIRQ                                      (abs)        0000FE
_DMAnCON0                                      (abs)        0000FC
_DMAnCON0bits                                  (abs)        0000FC
_DMAnCON1                                      (abs)        0000FD
_DMAnCON1bits                                  (abs)        0000FD
_DMAnDCNT                                      (abs)        0000EA
_DMAnDPTR                                      (abs)        0000EC
_DMAnDSA                                       (abs)        0000F0
_DMAnDSZ                                       (abs)        0000EE
_DMAnSCNT                                      (abs)        0000F2
_DMAnSIRQ                                      (abs)        0000FF
_DMAnSPTR                                      (abs)        0000F4
_DMAnSSA                                       (abs)        0000F9
_DMAnSSZ                                       (abs)        0000F7
_DONT_CARE                                     mediumconst  007FF7
_INLVLA                                        (abs)        000404
_INLVLC                                        (abs)        000414
_INT0_DefaultInterruptHandler                  (abs)        000000
_INT0_InterruptHandler                         nvCOMRAM     00052B
_INT0_SetInterruptHandler                      text20       0008B0
_INT1_DefaultInterruptHandler                  (abs)        000000
_INT1_InterruptHandler                         nvCOMRAM     000529
_INT1_SetInterruptHandler                      text19       0008A6
_INT2_DefaultInterruptHandler                  (abs)        000000
_INT2_InterruptHandler                         nvCOMRAM     000527
_INT2_SetInterruptHandler                      text18       00089C
_INTCON0bits                                   (abs)        0004D6
_INTERRUPT_Initialize                          text17       0005FC
_INTERRUPT_InterruptManager                    text27       0002C4
_IOCAF                                         (abs)        000407
_IOCAN                                         (abs)        000406
_IOCAP                                         (abs)        000405
_IOCCF                                         (abs)        000417
_IOCCN                                         (abs)        000416
_IOCCP                                         (abs)        000415
_ISRPR                                         (abs)        0000BF
_LATA                                          (abs)        0004BE
_LATC                                          (abs)        0004C0
_MAINPR                                        (abs)        0000BE
_NEGATIVE                                      mediumconst  007FFC
_NO                                            mediumconst  007FF5
_ODCONA                                        (abs)        000402
_ODCONC                                        (abs)        000412
_OSCCON1                                       (abs)        0000AD
_OSCCON3                                       (abs)        0000AF
_OSCEN                                         (abs)        0000B3
_OSCFRQ                                        (abs)        0000B1
_OSCTUNE                                       (abs)        0000B0
_PIE1bits                                      (abs)        0004A9
_PIE2bits                                      (abs)        0004AA
_PIE3bits                                      (abs)        0004AB
_PIE4bits                                      (abs)        0004AC
_PIN_MANAGER_Initialize                        text16       00046A
_PIR10bits                                     (abs)        0004BD
_PIR1bits                                      (abs)        0004B4
_PIR2bits                                      (abs)        0004B5
_PIR3bits                                      (abs)        0004B6
_PIR4bits                                      (abs)        0004B7
_PIR6bits                                      (abs)        0004B9
_POSITIVE                                      mediumconst  007FFD
_PR2                                           (abs)        00031D
_PRLOCK                                        (abs)        0000B4
_PRLOCKbits                                    (abs)        0000B4
_PRODH                                         (abs)        0004F4
_PRODL                                         (abs)        0004F3
_RA2PPS                                        (abs)        000203
_RC0I2C                                        (abs)        000289
_RC1I2C                                        (abs)        000288
_SCANPR                                        (abs)        0000B5
_SLRCONA                                       (abs)        000403
_SLRCONC                                       (abs)        000413
_SYSTEM_Initialize                             text4        000630
_SystemArbiter_Initialize                      text15       000846
_T0CON0                                        (abs)        00031A
_T0CON0bits                                    (abs)        00031A
_T0CON1                                        (abs)        00031B
_T0CON1bits                                    (abs)        00031B
_T1CLK                                         (abs)        000317
_T1CON                                         (abs)        000314
_T1CONbits                                     (abs)        000314
_T1GATE                                        (abs)        000316
_T1GCON                                        (abs)        000315
_T1GCONbits                                    (abs)        000315
_T2CLKCON                                      (abs)        000320
_T2CON                                         (abs)        00031E
_T2CONbits                                     (abs)        00031E
_T2HLT                                         (abs)        00031F
_T2HLTbits                                     (abs)        00031F
_T2PR                                          (abs)        00031D
_T2RST                                         (abs)        000321
_T2RSTbits                                     (abs)        000321
_T2TMR                                         (abs)        00031C
_T3CLK                                         (abs)        000328
_T3CON                                         (abs)        000325
_T3CONbits                                     (abs)        000325
_T3GATE                                        (abs)        000327
_T3GCON                                        (abs)        000326
_T3GCONbits                                    (abs)        000326
_TMR0H                                         (abs)        000319
_TMR0IF                                        (abs)        0025B7
_TMR0L                                         (abs)        000318
_TMR0_DefaultOverflowCallback                  text31       0001B8
_TMR0_Initialize                               text13       0007EA
_TMR0_OverflowCallback                         nvCOMRAM     000523
_TMR0_OverflowCallbackRegister                 text14       000892
_TMR0_OverflowISR                              text29       000692
_TMR0_Reload                                   (abs)        000000
_TMR0_Start                                    text3        0008C4
_TMR0_Stop                                     (abs)        000000
_TMR1H                                         (abs)        000313
_TMR1L                                         (abs)        000312
_TMR1_DefaultGateCallback                      (abs)        000000
_TMR1_DefaultOverflowCallback                  text30       0005C2
_TMR1_GateCallback                             nvCOMRAM     00051F
_TMR1_GateCallbackRegister                     text12       000888
_TMR1_Initialize                               text10       000580
_TMR1_InterruptHandler                         bssCOMRAM    00050B
_TMR1_OverflowCallback                         nvCOMRAM     000521
_TMR1_OverflowCallbackRegister                 text11       00087E
_TMR1_OverflowISR                              text28       000662
_TMR1_PeriodCountSet                           (abs)        000000
_TMR1_Start                                    text2        000836
_TMR1_Start$intlevel0                          text2        000840
_TMR1_Stop                                     text36       0008D0
_TMR1_Write                                    text1        000722
_TMR2                                          (abs)        00031C
_TMR2_DefaultOverflowCallback                  text32       0008DC
_TMR2_Initialize                               text8        0007C6
_TMR2_OverflowCallback                         nvCOMRAM     000525
_TMR2_OverflowCallbackRegister                 text9        000874
_TMR2_PeriodCountSet                           (abs)        000000
_TMR2_Start                                    (abs)        000000
_TMR2_Stop                                     (abs)        000000
_TMR3H                                         (abs)        000324
_TMR3L                                         (abs)        000323
_TMR3_DefaultGateCallback                      (abs)        000000
_TMR3_DefaultOverflowCallback                  text33       0008DE
_TMR3_GateCallback                             nvCOMRAM     00051B
_TMR3_GateCallbackRegister                     text7        00086A
_TMR3_Initialize                               text5        00053E
_TMR3_InterruptHandler                         bssCOMRAM    000505
_TMR3_OverflowCallback                         nvCOMRAM     00051D
_TMR3_OverflowCallbackRegister                 text6        000860
_TMR3_PeriodCountSet                           (abs)        000000
_TMR3_Start                                    text35       0008CA
_TMR3_Stop                                     (abs)        000000
_TMR3_Write                                    text34       00074C
_TRISA                                         (abs)        0004C6
_TRISC                                         (abs)        0004C8
_Timer0                                        mediumconst  007FDD
_Timer1                                        mediumconst  007FD1
_Timer2                                        mediumconst  007FE9
_Timer3                                        mediumconst  007FC5
_WPUA                                          (abs)        000401
_WPUC                                          (abs)        000411
_YES                                           mediumconst  007FF6
__HRAM                                         (abs)        000000
__H__absolute__                                __absolute__ 000000
__Habs1                                        abs1         000000
__Hbank10                                      bank10       000000
__Hbank11                                      bank11       000000
__Hbank12                                      bank12       000000
__Hbank5                                       bank5        000000
__Hbank6                                       bank6        000000
__Hbank7                                       bank7        000000
__Hbank8                                       bank8        000000
__Hbank9                                       bank9        000000
__Hbigbss                                      bigbss       000000
__Hbigdata                                     bigdata      000000
__Hbigram                                      bigram       000000
__Hbigsfr                                      bigsfr       000000
__Hbss                                         bss          000000
__HbssCOMRAM                                   bssCOMRAM    000000
__Hcinit                                       cinit        000000
__Hclrtext                                     clrtext      000000
__Hcomram                                      comram       000000
__Hconfig                                      config       300009
__Hconst                                       const        000000
__HcstackCOMRAM                                cstackCOMRAM 000000
__Hdata                                        data         000000
__HdataBANK5                                   dataBANK5    000000
__Heeprom_data                                 eeprom_data  000000
__Hfarbss                                      farbss       000000
__Hfardata                                     fardata      000000
__Hheap                                        heap         000000
__Hibigdata                                    ibigdata     000000
__Hidata                                       idata        000000
__HidataBANK5                                  idataBANK5   000000
__Hidloc                                       idloc        000000
__Hifardata                                    ifardata     000000
__Hinit                                        init         00001E
__Hintsave_regs                                intsave_regs 000000
__Hirdata                                      irdata       000000
__Hivt0x8                                      ivt0x8       00001A
__Hmediumconst                                 mediumconst  008000
__HnvCOMRAM                                    nvCOMRAM     000000
__HnvFARRAM                                    nvFARRAM     000000
__Hnvbit                                       nvbit        000000
__Hnvrram                                      nvrram       000000
__Hparam                                       rparam       000000
__Hpowerup                                     powerup      000000
__Hram                                         ram          000000
__Hramtop                                      ramtop       000E00
__Hrbit                                        rbit         000000
__Hrbss                                        rbss         000000
__Hrdata                                       rdata        000000
__Hreset_vec                                   reset_vec    000004
__Hrparam                                      rparam       000000
__Hsfr                                         sfr          000000
__Hsmallconst                                  smallconst   000000
__Hspace_0                                     (abs)        008000
__Hspace_1                                     (abs)        0005BA
__Hspace_2                                     (abs)        000000
__Hspace_4                                     (abs)        600009
__Hstack                                       stack        000000
__Hstruct                                      struct       000000
__Htemp                                        temp         000000
__Htext                                        text         000000
__Htext0                                       text0        000000
__Htext1                                       text1        000000
__Htext10                                      text10       000000
__Htext11                                      text11       000000
__Htext12                                      text12       000000
__Htext13                                      text13       000000
__Htext14                                      text14       000000
__Htext15                                      text15       000000
__Htext16                                      text16       000000
__Htext17                                      text17       000000
__Htext18                                      text18       000000
__Htext19                                      text19       000000
__Htext2                                       text2        000000
__Htext20                                      text20       000000
__Htext21                                      text21       000000
__Htext22                                      text22       000000
__Htext23                                      text23       000000
__Htext24                                      text24       000000
__Htext25                                      text25       000000
__Htext26                                      text26       000000
__Htext27                                      text27       000000
__Htext28                                      text28       000000
__Htext29                                      text29       000000
__Htext3                                       text3        000000
__Htext30                                      text30       000000
__Htext31                                      text31       000000
__Htext32                                      text32       000000
__Htext33                                      text33       000000
__Htext34                                      text34       000000
__Htext35                                      text35       000000
__Htext36                                      text36       000000
__Htext37                                      text37       000000
__Htext38                                      text38       000000
__Htext39                                      text39       000000
__Htext4                                       text4        000000
__Htext40                                      text40       000000
__Htext41                                      text41       000000
__Htext42                                      text42       000000
__Htext5                                       text5        000000
__Htext6                                       text6        000000
__Htext7                                       text7        000000
__Htext8                                       text8        000000
__Htext9                                       text9        000000
__LRAM                                         (abs)        000001
__L__absolute__                                __absolute__ 000000
__Labs1                                        abs1         000000
__Lbank10                                      bank10       000000
__Lbank11                                      bank11       000000
__Lbank12                                      bank12       000000
__Lbank5                                       bank5        000000
__Lbank6                                       bank6        000000
__Lbank7                                       bank7        000000
__Lbank8                                       bank8        000000
__Lbank9                                       bank9        000000
__Lbigbss                                      bigbss       000000
__Lbigdata                                     bigdata      000000
__Lbigram                                      bigram       000000
__Lbigsfr                                      bigsfr       000000
__Lbss                                         bss          000000
__LbssCOMRAM                                   bssCOMRAM    000000
__Lcinit                                       cinit        000000
__Lclrtext                                     clrtext      000000
__Lcomram                                      comram       000000
__Lconfig                                      config       000000
__Lconst                                       const        000000
__LcstackCOMRAM                                cstackCOMRAM 000000
__Ldata                                        data         000000
__LdataBANK5                                   dataBANK5    000000
__Leeprom_data                                 eeprom_data  000000
__Lfarbss                                      farbss       000000
__Lfardata                                     fardata      000000
__Lheap                                        heap         000000
__Libigdata                                    ibigdata     000000
__Lidata                                       idata        000000
__LidataBANK5                                  idataBANK5   000000
__Lidloc                                       idloc        000000
__Lifardata                                    ifardata     000000
__Linit                                        init         00001A
__Lintsave_regs                                intsave_regs 000000
__Lirdata                                      irdata       000000
__Livt0x8                                      ivt0x8       000008
__Lmediumconst                                 mediumconst  007DC0
__LnvCOMRAM                                    nvCOMRAM     000000
__LnvFARRAM                                    nvFARRAM     000000
__Lnvbit                                       nvbit        000000
__Lnvrram                                      nvrram       000000
__Lparam                                       rparam       000000
__Lpowerup                                     powerup      000000
__Lram                                         ram          000000
__Lramtop                                      ramtop       000E00
__Lrbit                                        rbit         000000
__Lrbss                                        rbss         000000
__Lrdata                                       rdata        000000
__Lreset_vec                                   reset_vec    000000
__Lrparam                                      rparam       000000
__Lsfr                                         sfr          000000
__Lsmallconst                                  smallconst   000000
__Lspace_0                                     (abs)        000000
__Lspace_1                                     (abs)        000000
__Lspace_2                                     (abs)        000000
__Lspace_4                                     (abs)        000000
__Lstack                                       stack        000000
__Lstruct                                      struct       000000
__Ltemp                                        temp         000000
__Ltext                                        text         000000
__Ltext0                                       text0        000000
__Ltext1                                       text1        000000
__Ltext10                                      text10       000000
__Ltext11                                      text11       000000
__Ltext12                                      text12       000000
__Ltext13                                      text13       000000
__Ltext14                                      text14       000000
__Ltext15                                      text15       000000
__Ltext16                                      text16       000000
__Ltext17                                      text17       000000
__Ltext18                                      text18       000000
__Ltext19                                      text19       000000
__Ltext2                                       text2        000000
__Ltext20                                      text20       000000
__Ltext21                                      text21       000000
__Ltext22                                      text22       000000
__Ltext23                                      text23       000000
__Ltext24                                      text24       000000
__Ltext25                                      text25       000000
__Ltext26                                      text26       000000
__Ltext27                                      text27       000000
__Ltext28                                      text28       000000
__Ltext29                                      text29       000000
__Ltext3                                       text3        000000
__Ltext30                                      text30       000000
__Ltext31                                      text31       000000
__Ltext32                                      text32       000000
__Ltext33                                      text33       000000
__Ltext34                                      text34       000000
__Ltext35                                      text35       000000
__Ltext36                                      text36       000000
__Ltext37                                      text37       000000
__Ltext38                                      text38       000000
__Ltext39                                      text39       000000
__Ltext4                                       text4        000000
__Ltext40                                      text40       000000
__Ltext41                                      text41       000000
__Ltext42                                      text42       000000
__Ltext5                                       text5        000000
__Ltext6                                       text6        000000
__Ltext7                                       text7        000000
__Ltext8                                       text8        000000
__Ltext9                                       text9        000000
__S0                                           (abs)        008000
__S1                                           (abs)        0005BA
__S4                                           (abs)        000000
__S5                                           (abs)        000000
___heap_hi                                     (abs)        000000
___heap_lo                                     (abs)        000000
___inthi_sp                                    stack        000000
___inthi_stack_hi                              stack        000000
___inthi_stack_lo                              stack        000000
___intlo_sp                                    stack        000000
___intlo_stack_hi                              stack        000000
___intlo_stack_lo                              stack        000000
___param_bank                                  (abs)        000000
___rparam_used                                 (abs)        000001
___sp                                          stack        000000
___stack_hi                                    stack        000000
___stack_lo                                    stack        000000
__accesstop                                    (abs)        000560
__activetblptr                                 (abs)        000002
__end_of_ADCC_Initialize                       text26       00053E
__end_of_ADCC_StartConversion                  text37       000860
__end_of_CCP1_Initialize                       text25       000836
__end_of_CCP1_LoadDutyValue                    text38       0006F2
__end_of_CLOCK_Initialize                      text24       000822
__end_of_CPU_Initialize                        text23       0007C6
__end_of_DIVIDE_BY_FOUR                        mediumconst  007FF9
__end_of_DIVIDE_BY_TWO                         mediumconst  007FFB
__end_of_DMA1_DCNTIInterruptHandlerSet         text22       0008C4
__end_of_DMA1_DMADCNTI_ISR                     text39       000722
__end_of_DMA1_DefaultInterruptHandler          text40       0001B8
__end_of_DMA1_Initialize                       text21       000414
__end_of_DONT_CARE                             mediumconst  007FF8
__end_of_DO_NOTHING                            mediumconst  007FFC
__end_of_INT0_SetInterruptHandler              text20       0008BA
__end_of_INT1_SetInterruptHandler              text19       0008B0
__end_of_INT2_SetInterruptHandler              text18       0008A6
__end_of_INTERRUPT_Initialize                  text17       000630
__end_of_INTERRUPT_InterruptManager            text27       000362
__end_of_MULTIPLY_BY_TWO                       mediumconst  007FFA
__end_of_NEGATIVE                              mediumconst  007FFD
__end_of_NO                                    mediumconst  007FF6
__end_of_PIN_MANAGER_Initialize                text16       0004B6
__end_of_POSITIVE                              mediumconst  007FFE
__end_of_SYSTEM_Initialize                     text4        000662
__end_of_SystemArbiter_Initialize              text15       000854
__end_of_TMR0_DefaultOverflowCallback          text31       0002C4
__end_of_TMR0_Initialize                       text13       00080C
__end_of_TMR0_OverflowCallbackRegister         text14       00089C
__end_of_TMR0_OverflowISR                      text29       0006C2
__end_of_TMR0_Start                            text3        0008CA
__end_of_TMR1_DefaultOverflowCallback          text30       0005FC
__end_of_TMR1_GateCallbackRegister             text12       000892
__end_of_TMR1_Initialize                       text10       0005C2
__end_of_TMR1_OverflowCallbackRegister         text11       000888
__end_of_TMR1_OverflowISR                      text28       000692
__end_of_TMR1_Start                            text2        000846
__end_of_TMR1_Stop                             text36       0008D6
__end_of_TMR1_Write                            text1        00074C
__end_of_TMR2_DefaultOverflowCallback          text32       0008DE
__end_of_TMR2_Initialize                       text8        0007EA
__end_of_TMR2_OverflowCallbackRegister         text9        00087E
__end_of_TMR3_DefaultOverflowCallback          text33       0008E0
__end_of_TMR3_GateCallbackRegister             text7        000874
__end_of_TMR3_Initialize                       text5        000580
__end_of_TMR3_OverflowCallbackRegister         text6        00086A
__end_of_TMR3_Start                            text35       0008D0
__end_of_TMR3_Write                            text34       000776
__end_of_Timer0                                mediumconst  007FE9
__end_of_Timer1                                mediumconst  007FDD
__end_of_Timer2                                mediumconst  007FF5
__end_of_Timer3                                mediumconst  007FD1
__end_of_YES                                   mediumconst  007FF7
__end_of__initialization                       cinit        0004F0
__end_of_main                                  text0        00046A
__end_of_sine_table_one_quadrant               mediumconst  007FC5
__end_of_tri_table_one_quadrant                mediumconst  007EC3
__end_ofi2_TMR1_Start                          text42       0008DC
__end_ofi2_TMR1_Write                          text41       0007A0
__initialization                               cinit        0004B6
__mediumconst                                  mediumconst  007DC0
__pbssCOMRAM                                   bssCOMRAM    000501
__pcinit                                       cinit        0004B6
__pcstackCOMRAM                                cstackCOMRAM 00052F
__pdataBANK5                                   dataBANK5    000560
__pidataBANK5                                  idataBANK5   000362
__pivt0x8                                      ivt0x8       000008
__pmediumconst                                 mediumconst  007DC0
__pnvCOMRAM                                    nvCOMRAM     00051B
__ptext0                                       text0        000414
__ptext1                                       text1        000722
__ptext10                                      text10       000580
__ptext11                                      text11       00087E
__ptext12                                      text12       000888
__ptext13                                      text13       0007EA
__ptext14                                      text14       000892
__ptext15                                      text15       000846
__ptext16                                      text16       00046A
__ptext17                                      text17       0005FC
__ptext18                                      text18       00089C
__ptext19                                      text19       0008A6
__ptext2                                       text2        000836
__ptext20                                      text20       0008B0
__ptext21                                      text21       0003BC
__ptext22                                      text22       0008BA
__ptext23                                      text23       0007A0
__ptext24                                      text24       00080C
__ptext25                                      text25       000822
__ptext26                                      text26       0004FA
__ptext27                                      text27       0002C4
__ptext28                                      text28       000662
__ptext29                                      text29       000692
__ptext3                                       text3        0008C4
__ptext30                                      text30       0005C2
__ptext31                                      text31       0001B8
__ptext32                                      text32       0008DC
__ptext33                                      text33       0008DE
__ptext34                                      text34       00074C
__ptext35                                      text35       0008CA
__ptext36                                      text36       0008D0
__ptext37                                      text37       000854
__ptext38                                      text38       0006C2
__ptext39                                      text39       0006F2
__ptext4                                       text4        000630
__ptext40                                      text40       00001E
__ptext41                                      text41       000776
__ptext42                                      text42       0008D6
__ptext5                                       text5        00053E
__ptext6                                       text6        000860
__ptext7                                       text7        00086A
__ptext8                                       text8        0007C6
__ptext9                                       text9        000874
__ramtop                                       ramtop       000E00
__smallconst                                   smallconst   000000
_adres                                         bssCOMRAM    000519
_global_variables                              dataBANK5    000560
_main                                          text0        000414
_sine_table_one_quadrant                       mediumconst  007EC3
_timer1ReloadVal                               bssCOMRAM    00050D
_timer3ReloadVal                               bssCOMRAM    000507
_tri_table_one_quadrant                        mediumconst  007DC1
end_of_initialization                          cinit        0004F0
i2TMR1_Write@timerVal                          cstackCOMRAM 00052F
i2_TMR1_Start                                  text42       0008D6
i2_TMR1_Write                                  text41       000776
intlevel0                                      text         000000
intlevel1                                      text         000000
intlevel2                                      text         000000
intlevel3                                      text         000000
isa$std                                        (abs)        000001
isa$xinst                                      (abs)        000000
ivt0x8_base                                    ivt0x8       000008
stackhi                                        (abs)        000000
stacklo                                        (abs)        000000
start                                          init         00001A
start_initialization                           cinit        0004B6


MODULE INFORMATION

Module		Function		Class		Link	Load	Size
mcc_generated_files/dma/src/dma1.c
		_DMA1_Initialize		CODE           	03BC	0000	88
		_DMA1_DefaultInterruptHandler		CODE           	001E	0000	410
		_DMA1_DCNTIInterruptHandlerSet		CODE           	08BA	0000	10
		_DMA1_DMADCNTI_ISR		CODE           	06F2	0000	48

mcc_generated_files/dma/src/dma1.c estimated size: 556

mcc_generated_files/timer/src/tmr3.c
		_TMR3_Initialize		CODE           	053E	0000	66
		_TMR3_Write    		CODE           	074C	0000	42
		_TMR3_Start    		CODE           	08CA	0000	6
		_TMR3_OverflowCallbackRegister		CODE           	0860	0000	10
		_TMR3_DefaultOverflowCallback		CODE           	08DE	0000	2
		_TMR3_GateCallbackRegister		CODE           	086A	0000	10

mcc_generated_files/timer/src/tmr3.c estimated size: 136

mcc_generated_files/timer/src/tmr1.c
		_TMR1_Initialize		CODE           	0580	0000	66
		_TMR1_Stop     		CODE           	08D0	0000	6
		_TMR1_Write    		CODE           	0722	0000	42
		_TMR1_Start    		CODE           	0836	0000	16
		_TMR1_OverflowCallbackRegister		CODE           	087E	0000	10
		_TMR1_DefaultOverflowCallback		CODE           	05C2	0000	58
		_TMR1_GateCallbackRegister		CODE           	0888	0000	10
		_TMR1_OverflowISR		CODE           	0662	0000	48

mcc_generated_files/timer/src/tmr1.c estimated size: 256

mcc_generated_files/system/src/interrupt.c
		_INT0_SetInterruptHandler		CODE           	08B0	0000	10
		_INT1_SetInterruptHandler		CODE           	08A6	0000	10
		_INT2_SetInterruptHandler		CODE           	089C	0000	10
		_INTERRUPT_Initialize		CODE           	05FC	0000	52
		_INTERRUPT_InterruptManager		CODE           	02C4	0000	158

mcc_generated_files/system/src/interrupt.c estimated size: 240

mcc_generated_files/adc/src/adcc.c
		_ADCC_StartConversion		CODE           	0854	0000	12
		_ADCC_Initialize		CODE           	04FA	0000	68

mcc_generated_files/adc/src/adcc.c estimated size: 80

mcc_generated_files/system/src/pins.c
		_PIN_MANAGER_Initialize		CODE           	046A	0000	76

mcc_generated_files/system/src/pins.c estimated size: 76

shared
		_MULTIPLY_BY_TWO		MEDIUMCONST    	0000	0000	0
		_Timer1        		MEDIUMCONST    	7FD1	0000	12
		_YES           		MEDIUMCONST    	7FF6	0000	1
		_DONT_CARE     		MEDIUMCONST    	7FF7	0000	1
		_POSITIVE      		MEDIUMCONST    	7FFD	0000	1
		_DIVIDE_BY_TWO 		MEDIUMCONST    	0000	0000	0
		_DO_NOTHING    		MEDIUMCONST    	0000	0000	0
		i2_TMR1_Write  		CODE           	0776	0000	42
		i2_TMR1_Start  		CODE           	08D6	0000	6
		_DIVIDE_BY_FOUR		MEDIUMCONST    	0000	0000	0
		_Timer2        		MEDIUMCONST    	7FE9	0000	12
		__initialization		CODE           	04B6	0000	58
		_NO            		MEDIUMCONST    	7FF5	0000	1
		_tri_table_one_quadrant		MEDIUMCONST    	7DC1	0000	258
		_Timer0        		MEDIUMCONST    	7FDD	0000	12
		_Timer3        		MEDIUMCONST    	7FC5	0000	12
		_NEGATIVE      		MEDIUMCONST    	7FFC	0000	1
		_sine_table_one_quadrant		MEDIUMCONST    	7EC3	0000	258

shared estimated size: 675

mcc_generated_files/timer/src/tmr2.c
		_TMR2_Initialize		CODE           	07C6	0000	36
		_TMR2_OverflowCallbackRegister		CODE           	0874	0000	10
		_TMR2_DefaultOverflowCallback		CODE           	08DC	0000	2

mcc_generated_files/timer/src/tmr2.c estimated size: 48

mcc_generated_files/system/src/clock.c
		_CLOCK_Initialize		CODE           	080C	0000	22

mcc_generated_files/system/src/clock.c estimated size: 22

mcc_generated_files/timer/src/tmr0.c
		_TMR0_OverflowCallbackRegister		CODE           	0892	0000	10
		_TMR0_DefaultOverflowCallback		CODE           	01B8	0000	268
		_TMR0_OverflowISR		CODE           	0692	0000	48
		_TMR0_Initialize		CODE           	07EA	0000	34
		_TMR0_Start    		CODE           	08C4	0000	6

mcc_generated_files/timer/src/tmr0.c estimated size: 366

mcc_generated_files/pwm/src/ccp1.c
		_CCP1_LoadDutyValue		CODE           	06C2	0000	48
		_CCP1_Initialize		CODE           	0822	0000	20

mcc_generated_files/pwm/src/ccp1.c estimated size: 68

main.c
		_main          		CODE           	0414	0000	86

main.c estimated size: 86

mcc_generated_files/system/src/system.c
		_SystemArbiter_Initialize		CODE           	0846	0000	14
		_CPU_Initialize		CODE           	07A0	0000	38
		_SYSTEM_Initialize		CODE           	0630	0000	50

mcc_generated_files/system/src/system.c estimated size: 102

